Archive member included to satisfy reference by file (symbol)

c:/vsarm/armcc/102021~1.10/bin/../lib/gcc/arm-none-eabi/10.3.1/thumb/v6-m/nofp\libgcc.a(_dvmd_tls.o)
                              CMakeFiles/blink.dir/C_/VSARM/sdk/pico/pico-sdk/src/rp2_common/pico_divider/divider_hardware.S.obj (__aeabi_idiv0)
c:/vsarm/armcc/102021~1.10/bin/../lib/gcc/arm-none-eabi/10.3.1/../../../../arm-none-eabi/lib/thumb/v6-m/nofp\libg.a(lib_a-calloc.o)
                              CMakeFiles/blink.dir/C_/VSARM/sdk/pico/pico-sdk/src/rp2_common/pico_malloc/malloc.c.obj (calloc)
c:/vsarm/armcc/102021~1.10/bin/../lib/gcc/arm-none-eabi/10.3.1/../../../../arm-none-eabi/lib/thumb/v6-m/nofp\libg.a(lib_a-callocr.o)
                              c:/vsarm/armcc/102021~1.10/bin/../lib/gcc/arm-none-eabi/10.3.1/../../../../arm-none-eabi/lib/thumb/v6-m/nofp\libg.a(lib_a-calloc.o) (_calloc_r)
c:/vsarm/armcc/102021~1.10/bin/../lib/gcc/arm-none-eabi/10.3.1/../../../../arm-none-eabi/lib/thumb/v6-m/nofp\libg.a(lib_a-ctype_.o)
                              CMakeFiles/blink.dir/C_/VSARM/sdk/pico/pico-sdk/lib/tinyusb/src/tusb.c.obj (_ctype_)
c:/vsarm/armcc/102021~1.10/bin/../lib/gcc/arm-none-eabi/10.3.1/../../../../arm-none-eabi/lib/thumb/v6-m/nofp\libg.a(lib_a-errno.o)
                              c:/vsarm/armcc/102021~1.10/bin/../lib/gcc/arm-none-eabi/10.3.1/../../../../arm-none-eabi/lib/thumb/v6-m/nofp\libg.a(lib_a-callocr.o) (__errno)
c:/vsarm/armcc/102021~1.10/bin/../lib/gcc/arm-none-eabi/10.3.1/../../../../arm-none-eabi/lib/thumb/v6-m/nofp\libg.a(lib_a-impure.o)
                              c:/vsarm/armcc/102021~1.10/bin/../lib/gcc/arm-none-eabi/10.3.1/../../../../arm-none-eabi/lib/thumb/v6-m/nofp\libg.a(lib_a-calloc.o) (_impure_ptr)
c:/vsarm/armcc/102021~1.10/bin/../lib/gcc/arm-none-eabi/10.3.1/../../../../arm-none-eabi/lib/thumb/v6-m/nofp\libg.a(lib_a-init.o)
                              c:/vsarm/armcc/102021~1.10/bin/../lib/gcc/arm-none-eabi/10.3.1/../../../../arm-none-eabi/lib/thumb/v6-m/nofp/crt0.o (__libc_init_array)
c:/vsarm/armcc/102021~1.10/bin/../lib/gcc/arm-none-eabi/10.3.1/../../../../arm-none-eabi/lib/thumb/v6-m/nofp\libg.a(lib_a-lcltime_r.o)
                              CMakeFiles/blink.dir/C_/VSARM/sdk/pico/pico-sdk/src/common/pico_util/datetime.c.obj (localtime_r)
c:/vsarm/armcc/102021~1.10/bin/../lib/gcc/arm-none-eabi/10.3.1/../../../../arm-none-eabi/lib/thumb/v6-m/nofp\libg.a(lib_a-malloc.o)
                              CMakeFiles/blink.dir/C_/VSARM/sdk/pico/pico-sdk/src/rp2_common/pico_malloc/malloc.c.obj (malloc)
c:/vsarm/armcc/102021~1.10/bin/../lib/gcc/arm-none-eabi/10.3.1/../../../../arm-none-eabi/lib/thumb/v6-m/nofp\libg.a(lib_a-mallocr.o)
                              c:/vsarm/armcc/102021~1.10/bin/../lib/gcc/arm-none-eabi/10.3.1/../../../../arm-none-eabi/lib/thumb/v6-m/nofp\libg.a(lib_a-callocr.o) (_malloc_r)
c:/vsarm/armcc/102021~1.10/bin/../lib/gcc/arm-none-eabi/10.3.1/../../../../arm-none-eabi/lib/thumb/v6-m/nofp\libg.a(lib_a-memcmp.o)
                              CMakeFiles/blink.dir/C_/VSARM/sdk/pico/pico-sdk/src/rp2_common/pico_atomic/atomic.c.obj (memcmp)
c:/vsarm/armcc/102021~1.10/bin/../lib/gcc/arm-none-eabi/10.3.1/../../../../arm-none-eabi/lib/thumb/v6-m/nofp\libg.a(lib_a-mktime.o)
                              CMakeFiles/blink.dir/C_/VSARM/sdk/pico/pico-sdk/src/common/pico_util/datetime.c.obj (mktime)
c:/vsarm/armcc/102021~1.10/bin/../lib/gcc/arm-none-eabi/10.3.1/../../../../arm-none-eabi/lib/thumb/v6-m/nofp\libg.a(lib_a-mlock.o)
                              c:/vsarm/armcc/102021~1.10/bin/../lib/gcc/arm-none-eabi/10.3.1/../../../../arm-none-eabi/lib/thumb/v6-m/nofp\libg.a(lib_a-mallocr.o) (__malloc_lock)
c:/vsarm/armcc/102021~1.10/bin/../lib/gcc/arm-none-eabi/10.3.1/../../../../arm-none-eabi/lib/thumb/v6-m/nofp\libg.a(lib_a-month_lengths.o)
                              c:/vsarm/armcc/102021~1.10/bin/../lib/gcc/arm-none-eabi/10.3.1/../../../../arm-none-eabi/lib/thumb/v6-m/nofp\libg.a(lib_a-lcltime_r.o) (__month_lengths)
c:/vsarm/armcc/102021~1.10/bin/../lib/gcc/arm-none-eabi/10.3.1/../../../../arm-none-eabi/lib/thumb/v6-m/nofp\libg.a(lib_a-realloc.o)
                              CMakeFiles/blink.dir/C_/VSARM/sdk/pico/pico-sdk/src/rp2_common/pico_malloc/malloc.c.obj (realloc)
c:/vsarm/armcc/102021~1.10/bin/../lib/gcc/arm-none-eabi/10.3.1/../../../../arm-none-eabi/lib/thumb/v6-m/nofp\libg.a(lib_a-reallocr.o)
                              c:/vsarm/armcc/102021~1.10/bin/../lib/gcc/arm-none-eabi/10.3.1/../../../../arm-none-eabi/lib/thumb/v6-m/nofp\libg.a(lib_a-realloc.o) (_realloc_r)
c:/vsarm/armcc/102021~1.10/bin/../lib/gcc/arm-none-eabi/10.3.1/../../../../arm-none-eabi/lib/thumb/v6-m/nofp\libg.a(lib_a-sbrkr.o)
                              c:/vsarm/armcc/102021~1.10/bin/../lib/gcc/arm-none-eabi/10.3.1/../../../../arm-none-eabi/lib/thumb/v6-m/nofp\libg.a(lib_a-mallocr.o) (_sbrk_r)
[...]
Memory Configuration

Name             Origin             Length             Attributes
FLASH            0x10000000         0x00200000         xr
RAM              0x20000000         0x00040000         xrw
SCRATCH_X        0x20040000         0x00001000         xrw
SCRATCH_Y        0x20041000         0x00001000         xrw
*default*        0x00000000         0xffffffff

Linker script and memory map

LOAD c:/vsarm/armcc/102021~1.10/bin/../lib/gcc/arm-none-eabi/10.3.1/thumb/v6-m/nofp/crti.o
LOAD c:/vsarm/armcc/102021~1.10/bin/../lib/gcc/arm-none-eabi/10.3.1/thumb/v6-m/nofp/crtbegin.o
LOAD c:/vsarm/armcc/102021~1.10/bin/../lib/gcc/arm-none-eabi/10.3.1/../../../../arm-none-eabi/lib/thumb/v6-m/nofp/crt0.o

.flash_begin    0x10000000        0x0
                0x10000000                __flash_binary_start = .

.boot2          0x10000000      0x100
                0x10000000                __boot2_start__ = .
 *(.boot2)
 .boot2         0x10000000      0x100 C:\Users\gasse\AppData\Local\Temp\ccQOalRm.o
                0x10000100                __boot2_end__ = .
                0x00000001                ASSERT (((__boot2_end__ - __boot2_start__) == 0x100), ERROR: Pico second stage bootloader must be 256 bytes in size)

.text           0x10000100     0x718c
                0x10000100                __logical_binary_start = .
 *(.vectors)
 .vectors       0x10000100       0xd4 CMakeFiles/blink.dir/C_/VSARM/sdk/pico/pico-sdk/src/rp2_common/pico_crt0/crt0.S.obj
                0x10000100                __VECTOR_TABLE
                0x10000100                __vectors
                0x100001c0                isr_invalid
                0x100001c0                __default_isrs_start
                0x100001c2                isr_nmi
                0x100001c4                isr_hardfault
                0x100001c6                isr_svcall
                0x100001c8                isr_pendsv
                0x100001ca                isr_systick
                0x100001cc                isr_irq23
                0x100001cc                isr_irq18
                0x100001cc                isr_irq11
                0x100001cc                isr_irq28
                0x100001cc                isr_irq19
                0x100001cc                isr_irq0
                0x100001cc                isr_irq6
                0x100001cc                isr_irq5
                0x100001cc                isr_irq12
                0x100001cc                isr_irq22
                0x100001cc                isr_irq31
                0x100001cc                isr_irq17
                0x100001cc                isr_irq27
                0x100001cc                isr_irq30
                0x100001cc                isr_irq2
                0x100001cc                isr_irq10
                0x100001cc                isr_irq8
                0x100001cc                isr_irq24
                0x100001cc                isr_irq1
                0x100001cc                isr_irq7
                0x100001cc                isr_irq21
                0x100001cc                isr_irq20
                0x100001cc                isr_irq15
                0x100001cc                isr_irq25
                0x100001cc                isr_irq13
                0x100001cc                __unhandled_user_irq
                0x100001cc                isr_irq4
                0x100001cc                isr_irq16
                0x100001cc                isr_irq29
                0x100001cc                isr_irq26
                0x100001cc                __default_isrs_end
                0x100001cc                isr_irq3
                0x100001cc                isr_irq14
                0x100001cc                isr_irq9
                0x100001d2                unhandled_user_irq_num_in_r0
 *(.binary_info_header)
 .binary_info_header
                0x100001d4       0x14 CMakeFiles/blink.dir/C_/VSARM/sdk/pico/pico-sdk/src/rp2_common/pico_crt0/crt0.S.obj
                0x100001e8                __binary_info_header_end = .
 *(.embedded_block)
                0x100001e8                __embedded_block_end = .
 *(.reset)
 .reset         0x100001e8       0x9c CMakeFiles/blink.dir/C_/VSARM/sdk/pico/pico-sdk/src/rp2_common/pico_crt0/crt0.S.obj
                0x100001e8                _entry_point
 *(.init)
 .init          0x10000284        0x4 c:/vsarm/armcc/102021~1.10/bin/../lib/gcc/arm-none-eabi/10.3.1/thumb/v6-m/nofp/crti.o
                0x10000284                _init
 *(EXCLUDE_FILE(*libm.a: *libc.a:*lib_a-mem*.o *libgcc.a:) .text*)
 .text          0x10000288       0x48 c:/vsarm/armcc/102021~1.10/bin/../lib/gcc/arm-none-eabi/10.3.1/thumb/v6-m/nofp/crtbegin.o
 .text.led_init
                0x100002d0       0x14 CMakeFiles/blink.dir/led.c.obj
                0x100002d0                led_init
 .text.led_on   0x100002e4        0xc CMakeFiles/blink.dir/led.c.obj
                0x100002e4                led_on
 .text.led_off  0x100002f0        0xc CMakeFiles/blink.dir/led.c.obj
                0x100002f0                led_off
 .text.main     0x100002fc      0x23c CMakeFiles/blink.dir/main.c.obj
                0x100002fc                main
 .text.mpu6050_reset
                0x10000538       0x44 CMakeFiles/blink.dir/gyroscope.c.obj
                0x10000538                mpu6050_reset
 .text.mpu6050_configure
                0x1000057c       0x50 CMakeFiles/blink.dir/gyroscope.c.obj
                0x1000057c                mpu6050_configure
 .text.mpu6050_read_raw
                0x100005cc       0x8c CMakeFiles/blink.dir/gyroscope.c.obj
                0x100005cc                mpu6050_read_raw
 .text.infrared_sensor_init
                0x10000658       0x48 CMakeFiles/blink.dir/infrared_sensor.c.obj
                0x10000658                infrared_sensor_init
 .text.infrared_sensor_is_triggered
                0x100006a0       0x16 CMakeFiles/blink.dir/infrared_sensor.c.obj
                0x100006a0                infrared_sensor_is_triggered
 .text.lcd_pulse_enable
                0x100006b6       0x1e CMakeFiles/blink.dir/LCD_Driver.c.obj
 .text.lcd_send_nibble
                0x100006d4       0x70 CMakeFiles/blink.dir/LCD_Driver.c.obj
 .text.lcd_send_command
                0x10000744       0x1c CMakeFiles/blink.dir/LCD_Driver.c.obj
                0x10000744                lcd_send_command
 .text.lcd_send_data
                0x10000760       0x1c CMakeFiles/blink.dir/LCD_Driver.c.obj
                0x10000760                lcd_send_data
 .text.lcd_clear
                0x1000077c       0x10 CMakeFiles/blink.dir/LCD_Driver.c.obj
                0x1000077c                lcd_clear
 .text.lcd_init
                0x1000078c       0x92 CMakeFiles/blink.dir/LCD_Driver.c.obj
                0x1000078c                lcd_init
 .text.lcd_write_char
                0x1000081e        0x8 CMakeFiles/blink.dir/LCD_Driver.c.obj
                0x1000081e                lcd_write_char
 .text.lcd_write_string
                0x10000826       0x14 CMakeFiles/blink.dir/LCD_Driver.c.obj
                0x10000826                lcd_write_string
 .text.lcd_set_cursor
                0x1000083a       0x1c CMakeFiles/blink.dir/LCD_Driver.c.obj
                0x1000083a                lcd_set_cursor
 *fill*         0x10000856        0x2 
 .text.motor_init
                0x10000858       0xa8 CMakeFiles/blink.dir/motor_driver.c.obj
                0x10000858                motor_init
 .text.motor_set_speed
                0x10000900       0x20 CMakeFiles/blink.dir/motor_driver.c.obj
                0x10000900                motor_set_speed
 .text.motor_stop
                0x10000920       0x1a CMakeFiles/blink.dir/motor_driver.c.obj
                0x10000920                motor_stop
 .text.ultrasonic_Init
                0x1000093a       0x2c CMakeFiles/blink.dir/ultrasonic_driver.c.obj
                0x1000093a                ultrasonic_Init
 .text.ultrasonic_Trigger
                0x10000966       0x18 CMakeFiles/blink.dir/ultrasonic_driver.c.obj
                0x10000966                ultrasonic_Trigger
 *fill*         0x1000097e        0x2 
 .text.ultrasonic_GetDistance
                0x10000980       0x60 CMakeFiles/blink.dir/ultrasonic_driver.c.obj
                0x10000980                ultrasonic_GetDistance
 .text.gpio_set_function
                0x100009e0       0x34 CMakeFiles/blink.dir/C_/VSARM/sdk/pico/pico-sdk/src/rp2_common/hardware_gpio/gpio.c.obj
                0x100009e0                gpio_set_function
 .text.gpio_set_pulls
                0x10000a14       0x38 CMakeFiles/blink.dir/C_/VSARM/sdk/pico/pico-sdk/src/rp2_common/hardware_gpio/gpio.c.obj
                0x10000a14                gpio_set_pulls
 .text.gpio_set_input_enabled
                0x10000a4c       0x28 CMakeFiles/blink.dir/C_/VSARM/sdk/pico/pico-sdk/src/rp2_common/hardware_gpio/gpio.c.obj
                0x10000a4c                gpio_set_input_enabled
 .text.gpio_init
                0x10000a74       0x16 CMakeFiles/blink.dir/C_/VSARM/sdk/pico/pico-sdk/src/rp2_common/hardware_gpio/gpio.c.obj
                0x10000a74                gpio_init
 *fill*         0x10000a8a        0x2 
 .text.rp2040_chip_version
                0x10000a8c       0x4c CMakeFiles/blink.dir/C_/VSARM/sdk/pico/pico-sdk/src/rp2040/pico_platform/platform.c.obj
                0x10000a8c                rp2040_chip_version
 .text.panic    0x10000ad8       0x30 CMakeFiles/blink.dir/C_/VSARM/sdk/pico/pico-sdk/src/rp2_common/pico_platform_panic/panic.c.obj
                0x10000ad8                panic
 .text.hw_claim_lock
                0x10000b08       0x18 CMakeFiles/blink.dir/C_/VSARM/sdk/pico/pico-sdk/src/common/hardware_claim/claim.c.obj
                0x10000b08                hw_claim_lock
 .text.hw_claim_unlock
                0x10000b20       0x14 CMakeFiles/blink.dir/C_/VSARM/sdk/pico/pico-sdk/src/common/hardware_claim/claim.c.obj
                0x10000b20                hw_claim_unlock
 .text.hw_claim_or_assert
                0x10000b34       0x32 CMakeFiles/blink.dir/C_/VSARM/sdk/pico/pico-sdk/src/common/hardware_claim/claim.c.obj
                0x10000b34                hw_claim_or_assert
 .text.hw_claim_unused_from_range
                0x10000b66       0x50 CMakeFiles/blink.dir/C_/VSARM/sdk/pico/pico-sdk/src/common/hardware_claim/claim.c.obj
                0x10000b66                hw_claim_unused_from_range
 *fill*         0x10000bb6        0x2 
 .text.next_striped_spin_lock_num
                0x10000bb8       0x1c CMakeFiles/blink.dir/C_/VSARM/sdk/pico/pico-sdk/src/rp2_common/hardware_sync/sync.c.obj
                0x10000bb8                next_striped_spin_lock_num
 .text.spin_lock_claim_unused
                0x10000bd4       0x20 CMakeFiles/blink.dir/C_/VSARM/sdk/pico/pico-sdk/src/rp2_common/hardware_sync/sync.c.obj
                0x10000bd4                spin_lock_claim_unused
 .text.spin_locks_reset
                0x10000bf4       0x20 CMakeFiles/blink.dir/C_/VSARM/sdk/pico/pico-sdk/src/rp2_common/hardware_sync_spin_lock/sync_spin_lock.c.obj
                0x10000bf4                spin_locks_reset
 .text.set_raw_irq_handler_and_unlock
                0x10000c14       0x28 CMakeFiles/blink.dir/C_/VSARM/sdk/pico/pico-sdk/src/rp2_common/hardware_irq/irq.c.obj
 .text.nvic_ipr0
                0x10000c3c        0x8 CMakeFiles/blink.dir/C_/VSARM/sdk/pico/pico-sdk/src/rp2_common/hardware_irq/irq.c.obj
 .text.runtime_init_per_core_irq_priorities
                0x10000c44       0x1c CMakeFiles/blink.dir/C_/VSARM/sdk/pico/pico-sdk/src/rp2_common/hardware_irq/irq.c.obj
                0x10000c44                runtime_init_per_core_irq_priorities
 .text.make_j_16
                0x10000c60       0x4c CMakeFiles/blink.dir/C_/VSARM/sdk/pico/pico-sdk/src/rp2_common/hardware_irq/irq.c.obj
 .text.irq_is_enabled
                0x10000cac       0x18 CMakeFiles/blink.dir/C_/VSARM/sdk/pico/pico-sdk/src/rp2_common/hardware_irq/irq.c.obj
                0x10000cac                irq_is_enabled
 .text.irq_set_mask_n_enabled
                0x10000cc4       0x1c CMakeFiles/blink.dir/C_/VSARM/sdk/pico/pico-sdk/src/rp2_common/hardware_irq/irq.c.obj
                0x10000cc4                irq_set_mask_n_enabled
 .text.irq_set_enabled
                0x10000ce0       0x14 CMakeFiles/blink.dir/C_/VSARM/sdk/pico/pico-sdk/src/rp2_common/hardware_irq/irq.c.obj
                0x10000ce0                irq_set_enabled
 .text.irq_set_pending
                0x10000cf4       0x10 CMakeFiles/blink.dir/C_/VSARM/sdk/pico/pico-sdk/src/rp2_common/hardware_irq/irq.c.obj
                0x10000cf4                irq_set_pending
 .text.irq_get_vtable_handler
                0x10000d04       0x10 CMakeFiles/blink.dir/C_/VSARM/sdk/pico/pico-sdk/src/rp2_common/hardware_irq/irq.c.obj
                0x10000d04                irq_get_vtable_handler
 .text.irq_has_shared_handler
                0x10000d14       0x24 CMakeFiles/blink.dir/C_/VSARM/sdk/pico/pico-sdk/src/rp2_common/hardware_irq/irq.c.obj
                0x10000d14                irq_has_shared_handler
 .text.irq_set_exclusive_handler
                0x10000d38       0x54 CMakeFiles/blink.dir/C_/VSARM/sdk/pico/pico-sdk/src/rp2_common/hardware_irq/irq.c.obj
                0x10000d38                irq_set_exclusive_handler
 .text.irq_add_shared_handler
                0x10000d8c      0x238 CMakeFiles/blink.dir/C_/VSARM/sdk/pico/pico-sdk/src/rp2_common/hardware_irq/irq.c.obj
                0x10000d8c                irq_add_shared_handler
 .text.irq_add_tail_to_free_list
                0x10000fc4       0xf4 CMakeFiles/blink.dir/C_/VSARM/sdk/pico/pico-sdk/src/rp2_common/hardware_irq/irq.c.obj
                0x10000fc4                irq_add_tail_to_free_list
 .text.user_irq_claim_unused
                0x100010b8       0x28 CMakeFiles/blink.dir/C_/VSARM/sdk/pico/pico-sdk/src/rp2_common/hardware_irq/irq.c.obj
                0x100010b8                user_irq_claim_unused
 .text.lock_init
                0x100010e0       0x10 CMakeFiles/blink.dir/C_/VSARM/sdk/pico/pico-sdk/src/common/pico_sync/lock_core.c.obj
                0x100010e0                lock_init
 .text.mutex_init
                0x100010f0       0x1a CMakeFiles/blink.dir/C_/VSARM/sdk/pico/pico-sdk/src/common/pico_sync/mutex.c.obj
                0x100010f0                mutex_init
 .text.recursive_mutex_init
                0x1000110a       0x1e CMakeFiles/blink.dir/C_/VSARM/sdk/pico/pico-sdk/src/common/pico_sync/mutex.c.obj
                0x1000110a                recursive_mutex_init
 .text.runtime_init_mutex
                0x10001128       0x4c CMakeFiles/blink.dir/C_/VSARM/sdk/pico/pico-sdk/src/common/pico_sync/mutex.c.obj
                0x10001128                runtime_init_mutex
 .text.critical_section_init_with_lock_num
                0x10001174       0x14 CMakeFiles/blink.dir/C_/VSARM/sdk/pico/pico-sdk/src/common/pico_sync/critical_section.c.obj
                0x10001174                critical_section_init_with_lock_num
 .text.critical_section_init
                0x10001188       0x14 CMakeFiles/blink.dir/C_/VSARM/sdk/pico/pico-sdk/src/common/pico_sync/critical_section.c.obj
                0x10001188                critical_section_init
 .text.make_alarm_id
                0x1000119c        0x6 CMakeFiles/blink.dir/C_/VSARM/sdk/pico/pico-sdk/src/common/pico_time/time.c.obj
 *fill*         0x100011a2        0x2 
 .text.sleep_until_callback
                0x100011a4       0x30 CMakeFiles/blink.dir/C_/VSARM/sdk/pico/pico-sdk/src/common/pico_time/time.c.obj
 .text.alarm_pool_irq_handler
                0x100011d4      0x2e4 CMakeFiles/blink.dir/C_/VSARM/sdk/pico/pico-sdk/src/common/pico_time/time.c.obj
 .text.alarm_pool_post_alloc_init
                0x100014b8       0x94 CMakeFiles/blink.dir/C_/VSARM/sdk/pico/pico-sdk/src/common/pico_time/time.c.obj
 .text.alarm_pool_get_default
                0x1000154c       0x2c CMakeFiles/blink.dir/C_/VSARM/sdk/pico/pico-sdk/src/common/pico_time/time.c.obj
                0x1000154c                alarm_pool_get_default
 .text.alarm_pool_add_alarm_at_force_in_context
                0x10001578       0xb0 CMakeFiles/blink.dir/C_/VSARM/sdk/pico/pico-sdk/src/common/pico_time/time.c.obj
                0x10001578                alarm_pool_add_alarm_at_force_in_context
 .text.alarm_pool_add_alarm_at
                0x10001628       0x3c CMakeFiles/blink.dir/C_/VSARM/sdk/pico/pico-sdk/src/common/pico_time/time.c.obj
                0x10001628                alarm_pool_add_alarm_at
 .text.alarm_pool_cancel_alarm
                0x10001664       0x78 CMakeFiles/blink.dir/C_/VSARM/sdk/pico/pico-sdk/src/common/pico_time/time.c.obj
                0x10001664                alarm_pool_cancel_alarm
 .text.alarm_pool_core_num
                0x100016dc        0x4 CMakeFiles/blink.dir/C_/VSARM/sdk/pico/pico-sdk/src/common/pico_time/time.c.obj
                0x100016dc                alarm_pool_core_num
 .text.sleep_until
                0x100016e0       0xc8 CMakeFiles/blink.dir/C_/VSARM/sdk/pico/pico-sdk/src/common/pico_time/time.c.obj
                0x100016e0                sleep_until
 .text.sleep_us
                0x100017a8       0x24 CMakeFiles/blink.dir/C_/VSARM/sdk/pico/pico-sdk/src/common/pico_time/time.c.obj
                0x100017a8                sleep_us
 .text.sleep_ms
                0x100017cc       0x14 CMakeFiles/blink.dir/C_/VSARM/sdk/pico/pico-sdk/src/common/pico_time/time.c.obj
                0x100017cc                sleep_ms
 .text.best_effort_wfe_or_timeout
                0x100017e0       0xd8 CMakeFiles/blink.dir/C_/VSARM/sdk/pico/pico-sdk/src/common/pico_time/time.c.obj
                0x100017e0                best_effort_wfe_or_timeout
 .text.alarm_pool_get_default_timer
                0x100018b8        0x8 CMakeFiles/blink.dir/C_/VSARM/sdk/pico/pico-sdk/src/common/pico_time/time.c.obj
                0x100018b8                alarm_pool_get_default_timer
 .text.runtime_init_default_alarm_pool
                0x100018c0       0x38 CMakeFiles/blink.dir/C_/VSARM/sdk/pico/pico-sdk/src/common/pico_time/time.c.obj
                0x100018c0                runtime_init_default_alarm_pool
 .text.timer_hardware_alarm_claim
                0x100018f8       0x14 CMakeFiles/blink.dir/C_/VSARM/sdk/pico/pico-sdk/src/rp2_common/hardware_timer/timer.c.obj
                0x100018f8                timer_hardware_alarm_claim
 .text.timer_time_us_64
                0x1000190c       0x10 CMakeFiles/blink.dir/C_/VSARM/sdk/pico/pico-sdk/src/rp2_common/hardware_timer/timer.c.obj
                0x1000190c                timer_time_us_64
 .text.timer_busy_wait_until
                0x1000191c       0x1a CMakeFiles/blink.dir/C_/VSARM/sdk/pico/pico-sdk/src/rp2_common/hardware_timer/timer.c.obj
                0x1000191c                timer_busy_wait_until
 *fill*         0x10001936        0x2 
 .text.time_us_64
                0x10001938       0x10 CMakeFiles/blink.dir/C_/VSARM/sdk/pico/pico-sdk/src/rp2_common/hardware_timer/timer.c.obj
                0x10001938                time_us_64
 .text.busy_wait_until
                0x10001948       0x14 CMakeFiles/blink.dir/C_/VSARM/sdk/pico/pico-sdk/src/rp2_common/hardware_timer/timer.c.obj
                0x10001948                busy_wait_until
 .text.clock_configure_internal
                0x1000195c       0xc4 CMakeFiles/blink.dir/C_/VSARM/sdk/pico/pico-sdk/src/rp2_common/hardware_clocks/clocks.c.obj
 .text.clock_configure_int_divider
                0x10001a20       0x28 CMakeFiles/blink.dir/C_/VSARM/sdk/pico/pico-sdk/src/rp2_common/hardware_clocks/clocks.c.obj
                0x10001a20                clock_configure_int_divider
 .text.clock_configure_undivided
                0x10001a48       0x12 CMakeFiles/blink.dir/C_/VSARM/sdk/pico/pico-sdk/src/rp2_common/hardware_clocks/clocks.c.obj
                0x10001a48                clock_configure_undivided
 *fill*         0x10001a5a        0x2 
 .text.clock_get_hz
                0x10001a5c        0xc CMakeFiles/blink.dir/C_/VSARM/sdk/pico/pico-sdk/src/rp2_common/hardware_clocks/clocks.c.obj
                0x10001a5c                clock_get_hz
 .text.pll_init
                0x10001a68      0x120 CMakeFiles/blink.dir/C_/VSARM/sdk/pico/pico-sdk/src/rp2_common/hardware_pll/pll.c.obj
                0x10001a68                pll_init
 .text.watchdog_update
                0x10001b88       0x14 CMakeFiles/blink.dir/C_/VSARM/sdk/pico/pico-sdk/src/rp2_common/hardware_watchdog/watchdog.c.obj
                0x10001b88                watchdog_update
 .text._watchdog_enable
                0x10001b9c       0x7c CMakeFiles/blink.dir/C_/VSARM/sdk/pico/pico-sdk/src/rp2_common/hardware_watchdog/watchdog.c.obj
                0x10001b9c                _watchdog_enable
 .text.watchdog_reboot
                0x10001c18       0x48 CMakeFiles/blink.dir/C_/VSARM/sdk/pico/pico-sdk/src/rp2_common/hardware_watchdog/watchdog.c.obj
                0x10001c18                watchdog_reboot
 .text.tick_start
                0x10001c60       0x10 CMakeFiles/blink.dir/C_/VSARM/sdk/pico/pico-sdk/src/rp2_common/hardware_ticks/ticks.c.obj
                0x10001c60                tick_start
 .text.xosc_init
                0x10001c70       0x28 CMakeFiles/blink.dir/C_/VSARM/sdk/pico/pico-sdk/src/rp2_common/hardware_xosc/xosc.c.obj
                0x10001c70                xosc_init
 .text.runtime_run_initializers_from
                0x10001c98       0x18 CMakeFiles/blink.dir/C_/VSARM/sdk/pico/pico-sdk/src/rp2_common/pico_runtime/runtime.c.obj
 .text.first_per_core_initializer
                0x10001cb0        0x2 CMakeFiles/blink.dir/C_/VSARM/sdk/pico/pico-sdk/src/rp2_common/pico_runtime/runtime.c.obj
 *fill*         0x10001cb2        0x2 
 .text.runtime_run_initializers
                0x10001cb4       0x10 CMakeFiles/blink.dir/C_/VSARM/sdk/pico/pico-sdk/src/rp2_common/pico_runtime/runtime.c.obj
                0x10001cb4                runtime_run_initializers
 .text.runtime_init_early_resets
                0x10001cc4       0x2c CMakeFiles/blink.dir/C_/VSARM/sdk/pico/pico-sdk/src/rp2_common/pico_runtime_init/runtime_init.c.obj
                0x10001cc4                runtime_init_early_resets
 .text.runtime_init_usb_power_down
                0x10001cf0       0x1c CMakeFiles/blink.dir/C_/VSARM/sdk/pico/pico-sdk/src/rp2_common/pico_runtime_init/runtime_init.c.obj
                0x10001cf0                runtime_init_usb_power_down
 .text.runtime_init_post_clock_resets
                0x10001d0c       0x20 CMakeFiles/blink.dir/C_/VSARM/sdk/pico/pico-sdk/src/rp2_common/pico_runtime_init/runtime_init.c.obj
                0x10001d0c                runtime_init_post_clock_resets
 .text.runtime_init_rp2040_gpio_ie_disable
                0x10001d2c       0x14 CMakeFiles/blink.dir/C_/VSARM/sdk/pico/pico-sdk/src/rp2_common/pico_runtime_init/runtime_init.c.obj
                0x10001d2c                runtime_init_rp2040_gpio_ie_disable
 .text.runtime_init_spin_locks_reset
                0x10001d40        0x8 CMakeFiles/blink.dir/C_/VSARM/sdk/pico/pico-sdk/src/rp2_common/pico_runtime_init/runtime_init.c.obj
                0x10001d40                runtime_init_spin_locks_reset
 .text.runtime_init_install_ram_vector_table
                0x10001d48       0x1c CMakeFiles/blink.dir/C_/VSARM/sdk/pico/pico-sdk/src/rp2_common/pico_runtime_init/runtime_init.c.obj
                0x10001d48                runtime_init_install_ram_vector_table
 .text.start_all_ticks
                0x10001d64       0x28 CMakeFiles/blink.dir/C_/VSARM/sdk/pico/pico-sdk/src/rp2_common/pico_runtime_init/runtime_init_clocks.c.obj
 .text.runtime_init_clocks
                0x10001d8c       0xcc CMakeFiles/blink.dir/C_/VSARM/sdk/pico/pico-sdk/src/rp2_common/pico_runtime_init/runtime_init_clocks.c.obj
                0x10001d8c                runtime_init_clocks
 .text          0x10001e58       0x10 CMakeFiles/blink.dir/C_/VSARM/sdk/pico/pico-sdk/src/rp2_common/pico_bit_ops/bit_ops_aeabi.S.obj
 .text.rom_func_lookup
                0x10001e68       0x10 CMakeFiles/blink.dir/C_/VSARM/sdk/pico/pico-sdk/src/rp2_common/pico_bootrom/bootrom.c.obj
                0x10001e68                rom_func_lookup
 .text.rom_data_lookup
                0x10001e78       0x10 CMakeFiles/blink.dir/C_/VSARM/sdk/pico/pico-sdk/src/rp2_common/pico_bootrom/bootrom.c.obj
                0x10001e78                rom_data_lookup
 .text.rom_funcs_lookup
                0x10001e88       0x36 CMakeFiles/blink.dir/C_/VSARM/sdk/pico/pico-sdk/src/rp2_common/pico_bootrom/bootrom.c.obj
                0x10001e88                rom_funcs_lookup
 *fill*         0x10001ebe        0x2 
 .text.rom_reset_usb_boot
                0x10001ec0       0x18 CMakeFiles/blink.dir/C_/VSARM/sdk/pico/pico-sdk/src/rp2_common/pico_bootrom/bootrom.c.obj
                0x10001ec0                rom_reset_usb_boot
 .text.__wrap___aeabi_idiv
                0x10001ed8       0x50 CMakeFiles/blink.dir/C_/VSARM/sdk/pico/pico-sdk/src/rp2_common/pico_divider/divider_hardware.S.obj
                0x10001ed8                __wrap___aeabi_idivmod
                0x10001ed8                divmod_s32s32
                0x10001ed8                div_s32s32
                0x10001ed8                __wrap___aeabi_idiv
                0x10001ee0                divmod_s32s32_unsafe
                0x10001f0c                divmod_s32s32_savestate
 .text.__wrap___aeabi_uidiv
                0x10001f28       0x4c CMakeFiles/blink.dir/C_/VSARM/sdk/pico/pico-sdk/src/rp2_common/pico_divider/divider_hardware.S.obj
                0x10001f28                __wrap___aeabi_uidiv
                0x10001f28                __wrap___aeabi_uidivmod
                0x10001f28                div_u32u32
                0x10001f28                divmod_u32u32
                0x10001f30                divmod_u32u32_unsafe
                0x10001f58                divmod_u32u32_savestate
 .text.__wrap___aeabi_ldiv
                0x10001f74      0x424 CMakeFiles/blink.dir/C_/VSARM/sdk/pico/pico-sdk/src/rp2_common/pico_divider/divider_hardware.S.obj
                0x10001f74                div_s64s64
                0x10001f74                divmod_s64s64
                0x10001f74                __wrap___aeabi_ldivmod
                0x10001fa4                divmod_u64u64
                0x10001fa4                div_u64u64
                0x10001fa4                __wrap___aeabi_uldivmod
                0x10001fb4                divmod_u64u64_savestate
                0x10001fd4                divmod_s64s64_unsafe
                0x1000205c                divmod_u64u64_unsafe
 .text.__wrap___aeabi_darithmetic
                0x10002398       0x80 CMakeFiles/blink.dir/C_/VSARM/sdk/pico/pico-sdk/src/rp2_common/pico_double/double_aeabi_rp2040.S.obj
                0x10002398                __wrap___aeabi_drsub
                0x1000239e                __wrap___aeabi_dsub
                0x100023b0                __wrap___aeabi_dadd
                0x100023c2                __wrap___aeabi_ddiv
                0x100023fe                __wrap___aeabi_dmul
 .text.__wrap___aeabi_cdcmple
                0x10002418       0x6c CMakeFiles/blink.dir/C_/VSARM/sdk/pico/pico-sdk/src/rp2_common/pico_double/double_aeabi_rp2040.S.obj
                0x10002418                __wrap___aeabi_cdrcmple
                0x10002428                __wrap___aeabi_cdcmpeq
                0x10002428                __wrap___aeabi_cdcmple
 .text.__wrap___aeabi_dcmplt
                0x10002484        0xc CMakeFiles/blink.dir/C_/VSARM/sdk/pico/pico-sdk/src/rp2_common/pico_double/double_aeabi_rp2040.S.obj
                0x10002484                __wrap___aeabi_dcmplt
 .text.__wrap___aeabi_dcmple
                0x10002490       0x10 CMakeFiles/blink.dir/C_/VSARM/sdk/pico/pico-sdk/src/rp2_common/pico_double/double_aeabi_rp2040.S.obj
                0x10002490                __wrap___aeabi_dcmple
 .text.__wrap___aeabi_dcmpge
                0x100024a0       0x10 CMakeFiles/blink.dir/C_/VSARM/sdk/pico/pico-sdk/src/rp2_common/pico_double/double_aeabi_rp2040.S.obj
                0x100024a0                __wrap___aeabi_dcmpge
 .text.__wrap___aeabi_dcmpgt
                0x100024b0        0xa CMakeFiles/blink.dir/C_/VSARM/sdk/pico/pico-sdk/src/rp2_common/pico_double/double_aeabi_rp2040.S.obj
                0x100024b0                __wrap___aeabi_dcmpgt
 .text.__wrap___aeabi_dcmpun
                0x100024ba       0x18 CMakeFiles/blink.dir/C_/VSARM/sdk/pico/pico-sdk/src/rp2_common/pico_double/double_aeabi_rp2040.S.obj
                0x100024ba                __wrap___aeabi_dcmpun
 *fill*         0x100024d2        0x2 
 .text.__wrap___aeabi_i2d
                0x100024d4       0x38 CMakeFiles/blink.dir/C_/VSARM/sdk/pico/pico-sdk/src/rp2_common/pico_double/double_aeabi_rp2040.S.obj
                0x100024d4                __wrap___aeabi_ui2d
                0x100024dc                __wrap___aeabi_i2d
 .text.__wrap___aeabi_d2iz
                0x1000250c       0x48 CMakeFiles/blink.dir/C_/VSARM/sdk/pico/pico-sdk/src/rp2_common/pico_double/double_aeabi_rp2040.S.obj
                0x1000250c                double2int_z
                0x1000250c                __wrap___aeabi_d2iz
 .text.__wrap___aeabi_d2uiz
                0x10002554       0x18 CMakeFiles/blink.dir/C_/VSARM/sdk/pico/pico-sdk/src/rp2_common/pico_double/double_aeabi_rp2040.S.obj
                0x10002554                __wrap___aeabi_d2uiz
                0x10002554                double2uint
 .text.__wrap___aeabi_d2f
                0x1000256c       0x18 CMakeFiles/blink.dir/C_/VSARM/sdk/pico/pico-sdk/src/rp2_common/pico_double/double_aeabi_rp2040.S.obj
                0x1000256c                __wrap___aeabi_d2f
 .text.__aeabi_double_init
                0x10002584       0xc8 CMakeFiles/blink.dir/C_/VSARM/sdk/pico/pico-sdk/src/rp2_common/pico_double/double_init_rom_rp2040.c.obj
                0x10002584                __aeabi_double_init
 .text.double_table_shim_on_use_helper
                0x1000264c       0x34 CMakeFiles/blink.dir/C_/VSARM/sdk/pico/pico-sdk/src/rp2_common/pico_double/double_v1_rom_shim_rp2040.S.obj
                0x1000264c                double_table_shim_on_use_helper
 .text.__wrap___aeabi_dsub
                0x10002680       0x10 CMakeFiles/blink.dir/C_/VSARM/sdk/pico/pico-sdk/src/rp2_common/pico_double/double_v1_rom_shim_rp2040.S.obj
                0x10002680                drsub_shim
                0x10002686                dsub_shim
 .text.dadd_shim
                0x10002690      0x15c CMakeFiles/blink.dir/C_/VSARM/sdk/pico/pico-sdk/src/rp2_common/pico_double/double_v1_rom_shim_rp2040.S.obj
                0x10002690                dadd_shim
 .text.dmul_shim
                0x100027ec      0x15c CMakeFiles/blink.dir/C_/VSARM/sdk/pico/pico-sdk/src/rp2_common/pico_double/double_v1_rom_shim_rp2040.S.obj
                0x100027ec                dmul_shim
 .text.ddiv_shim
                0x10002948      0x1b0 CMakeFiles/blink.dir/C_/VSARM/sdk/pico/pico-sdk/src/rp2_common/pico_double/double_v1_rom_shim_rp2040.S.obj
                0x10002948                ddiv_shim
 .text.double2uint_shim
                0x10002af8        0xe CMakeFiles/blink.dir/C_/VSARM/sdk/pico/pico-sdk/src/rp2_common/pico_double/double_v1_rom_shim_rp2040.S.obj
                0x10002af8                double2uint_shim
                0x10002afa                double2ufix_shim
 *fill*         0x10002b06        0x2 
 .text.double2uint64_shim
                0x10002b08       0x70 CMakeFiles/blink.dir/C_/VSARM/sdk/pico/pico-sdk/src/rp2_common/pico_double/double_v1_rom_shim_rp2040.S.obj
                0x10002b08                double2uint64_shim
                0x10002b0a                double2ufix64_shim
                0x10002b2a                d2fix_a
 .text.double2float_shim
                0x10002b78       0x5c CMakeFiles/blink.dir/C_/VSARM/sdk/pico/pico-sdk/src/rp2_common/pico_double/double_v1_rom_shim_rp2040.S.obj
                0x10002b78                double2float_shim
 .text.dunpacks
                0x10002bd4       0x3c CMakeFiles/blink.dir/C_/VSARM/sdk/pico/pico-sdk/src/rp2_common/pico_double/double_v1_rom_shim_rp2040.S.obj
                0x10002bd4                dunpacks
 .text.__aeabi_lmul
                0x10002c10       0x32 CMakeFiles/blink.dir/C_/VSARM/sdk/pico/pico-sdk/src/rp2_common/pico_int64_ops/pico_int64_ops_aeabi.S.obj
                0x10002c10                __wrap___aeabi_lmul
 *fill*         0x10002c42        0x2 
 .text.__wrap___aeabi_f2d
                0x10002c44       0x14 CMakeFiles/blink.dir/C_/VSARM/sdk/pico/pico-sdk/src/rp2_common/pico_float/float_aeabi_rp2040.S.obj
                0x10002c44                __wrap___aeabi_f2d
 .text.__aeabi_float_init
                0x10002c58       0xfc CMakeFiles/blink.dir/C_/VSARM/sdk/pico/pico-sdk/src/rp2_common/pico_float/float_init_rom_rp2040.c.obj
                0x10002c58                __aeabi_float_init
 .text.float_table_shim_on_use_helper
                0x10002d54       0x34 CMakeFiles/blink.dir/C_/VSARM/sdk/pico/pico-sdk/src/rp2_common/pico_float/float_v1_rom_shim_rp2040.S.obj
                0x10002d54                float_table_shim_on_use_helper
 .text.float2double_shim
                0x10002d88       0x30 CMakeFiles/blink.dir/C_/VSARM/sdk/pico/pico-sdk/src/rp2_common/pico_float/float_v1_rom_shim_rp2040.S.obj
                0x10002d88                float2double_shim
 .text          0x10002db8       0x10 CMakeFiles/blink.dir/C_/VSARM/sdk/pico/pico-sdk/src/rp2_common/pico_mem_ops/mem_ops_aeabi.S.obj
                0x10002db8                __aeabi_mem_init
 .text.memset   0x10002dc8        0xc CMakeFiles/blink.dir/C_/VSARM/sdk/pico/pico-sdk/src/rp2_common/pico_mem_ops/mem_ops_aeabi.S.obj
                0x10002dc8                __wrap_memset
 .text.memcpy   0x10002dd4        0xc CMakeFiles/blink.dir/C_/VSARM/sdk/pico/pico-sdk/src/rp2_common/pico_mem_ops/mem_ops_aeabi.S.obj
                0x10002dd4                __wrap_memcpy
                0x10002dd4                __wrap___aeabi_memcpy
 .text._out_buffer
                0x10002de0        0x8 CMakeFiles/blink.dir/C_/VSARM/sdk/pico/pico-sdk/src/rp2_common/pico_printf/printf.c.obj
 .text._out_null
                0x10002de8        0x2 CMakeFiles/blink.dir/C_/VSARM/sdk/pico/pico-sdk/src/rp2_common/pico_printf/printf.c.obj
 .text._out_fct
                0x10002dea        0xe CMakeFiles/blink.dir/C_/VSARM/sdk/pico/pico-sdk/src/rp2_common/pico_printf/printf.c.obj
 .text._atoi    0x10002df8       0x24 CMakeFiles/blink.dir/C_/VSARM/sdk/pico/pico-sdk/src/rp2_common/pico_printf/printf.c.obj
 .text._out_rev
                0x10002e1c       0xae CMakeFiles/blink.dir/C_/VSARM/sdk/pico/pico-sdk/src/rp2_common/pico_printf/printf.c.obj
 .text._ntoa_format
                0x10002eca      0x112 CMakeFiles/blink.dir/C_/VSARM/sdk/pico/pico-sdk/src/rp2_common/pico_printf/printf.c.obj
 .text._ntoa_long
                0x10002fdc       0xbc CMakeFiles/blink.dir/C_/VSARM/sdk/pico/pico-sdk/src/rp2_common/pico_printf/printf.c.obj
 .text._ntoa_long_long
                0x10003098       0xe2 CMakeFiles/blink.dir/C_/VSARM/sdk/pico/pico-sdk/src/rp2_common/pico_printf/printf.c.obj
 *fill*         0x1000317a        0x2 
 .text._etoa    0x1000317c      0x414 CMakeFiles/blink.dir/C_/VSARM/sdk/pico/pico-sdk/src/rp2_common/pico_printf/printf.c.obj
 .text._ftoa    0x10003590      0x354 CMakeFiles/blink.dir/C_/VSARM/sdk/pico/pico-sdk/src/rp2_common/pico_printf/printf.c.obj
 .text._vsnprintf
                0x100038e4      0x624 CMakeFiles/blink.dir/C_/VSARM/sdk/pico/pico-sdk/src/rp2_common/pico_printf/printf.c.obj
 .text.__wrap_sprintf
                0x10003f08       0x28 CMakeFiles/blink.dir/C_/VSARM/sdk/pico/pico-sdk/src/rp2_common/pico_printf/printf.c.obj
                0x10003f08                __wrap_sprintf
 .text.vfctprintf
                0x10003f30       0x20 CMakeFiles/blink.dir/C_/VSARM/sdk/pico/pico-sdk/src/rp2_common/pico_printf/printf.c.obj
                0x10003f30                vfctprintf
 .text._exit    0x10003f50        0x4 CMakeFiles/blink.dir/C_/VSARM/sdk/pico/pico-sdk/src/rp2_common/pico_clib_interface/newlib_interface.c.obj
                0x10003f50                _exit
 .text.exit     0x10003f54        0x6 CMakeFiles/blink.dir/C_/VSARM/sdk/pico/pico-sdk/src/rp2_common/pico_clib_interface/newlib_interface.c.obj
                0x10003f54                exit
 *fill*         0x10003f5a        0x2 
 .text.__assert_func
                0x10003f5c       0x3c CMakeFiles/blink.dir/C_/VSARM/sdk/pico/pico-sdk/src/rp2_common/pico_clib_interface/newlib_interface.c.obj
                0x10003f5c                __assert_func
 .text.runtime_init
                0x10003f98       0x28 CMakeFiles/blink.dir/C_/VSARM/sdk/pico/pico-sdk/src/rp2_common/pico_clib_interface/newlib_interface.c.obj
                0x10003f98                runtime_init
 .text.stdio_out_chars_no_crlf
                0x10003fc0        0xe CMakeFiles/blink.dir/C_/VSARM/sdk/pico/pico-sdk/src/rp2_common/pico_stdio/stdio.c.obj
 *fill*         0x10003fce        0x2 
 .text.stdio_out_chars_crlf
                0x10003fd0       0x80 CMakeFiles/blink.dir/C_/VSARM/sdk/pico/pico-sdk/src/rp2_common/pico_stdio/stdio.c.obj
 .text.stdio_stack_buffer_flush
                0x10004050       0x44 CMakeFiles/blink.dir/C_/VSARM/sdk/pico/pico-sdk/src/rp2_common/pico_stdio/stdio.c.obj
 .text.stdio_buffered_printer
                0x10004094       0x20 CMakeFiles/blink.dir/C_/VSARM/sdk/pico/pico-sdk/src/rp2_common/pico_stdio/stdio.c.obj
 .text.stdout_serialize_begin
                0x100040b4       0x30 CMakeFiles/blink.dir/C_/VSARM/sdk/pico/pico-sdk/src/rp2_common/pico_stdio/stdio.c.obj
                0x100040b4                stdout_serialize_begin
 .text.stdout_serialize_end
                0x100040e4       0x10 CMakeFiles/blink.dir/C_/VSARM/sdk/pico/pico-sdk/src/rp2_common/pico_stdio/stdio.c.obj
                0x100040e4                stdout_serialize_end
 .text.stdio_put_string
                0x100040f4       0x94 CMakeFiles/blink.dir/C_/VSARM/sdk/pico/pico-sdk/src/rp2_common/pico_stdio/stdio.c.obj
                0x100040f4                stdio_put_string
 .text.stdio_set_driver_enabled
                0x10004188       0x2c CMakeFiles/blink.dir/C_/VSARM/sdk/pico/pico-sdk/src/rp2_common/pico_stdio/stdio.c.obj
                0x10004188                stdio_set_driver_enabled
 .text.stdio_flush
                0x100041b4       0x20 CMakeFiles/blink.dir/C_/VSARM/sdk/pico/pico-sdk/src/rp2_common/pico_stdio/stdio.c.obj
                0x100041b4                stdio_flush
 .text.stdio_init_all
                0x100041d4        0x8 CMakeFiles/blink.dir/C_/VSARM/sdk/pico/pico-sdk/src/rp2_common/pico_stdio/stdio.c.obj
                0x100041d4                stdio_init_all
 .text.__wrap_puts
                0x100041dc       0x1e CMakeFiles/blink.dir/C_/VSARM/sdk/pico/pico-sdk/src/rp2_common/pico_stdio/stdio.c.obj
                0x100041dc                stdio_puts
                0x100041dc                __wrap_puts
 *fill*         0x100041fa        0x2 
 .text.__wrap_vprintf
                0x100041fc       0x40 CMakeFiles/blink.dir/C_/VSARM/sdk/pico/pico-sdk/src/rp2_common/pico_stdio/stdio.c.obj
                0x100041fc                stdio_vprintf
                0x100041fc                __wrap_vprintf
 .text.__wrap_printf
                0x1000423c       0x18 CMakeFiles/blink.dir/C_/VSARM/sdk/pico/pico-sdk/src/rp2_common/pico_stdio/stdio.c.obj
                0x1000423c                __wrap_printf
                0x1000423c                stdio_printf
 .text.resetd_init
                0x10004254        0x2 CMakeFiles/blink.dir/C_/VSARM/sdk/pico/pico-sdk/src/rp2_common/pico_stdio_usb/reset_interface.c.obj
 *fill*         0x10004256        0x2 
 .text.resetd_reset
                0x10004258        0xc CMakeFiles/blink.dir/C_/VSARM/sdk/pico/pico-sdk/src/rp2_common/pico_stdio_usb/reset_interface.c.obj
 .text.resetd_open
                0x10004264       0x34 CMakeFiles/blink.dir/C_/VSARM/sdk/pico/pico-sdk/src/rp2_common/pico_stdio_usb/reset_interface.c.obj
 .text.resetd_xfer_cb
                0x10004298        0x4 CMakeFiles/blink.dir/C_/VSARM/sdk/pico/pico-sdk/src/rp2_common/pico_stdio_usb/reset_interface.c.obj
 .text.resetd_control_xfer_cb
                0x1000429c       0x5c CMakeFiles/blink.dir/C_/VSARM/sdk/pico/pico-sdk/src/rp2_common/pico_stdio_usb/reset_interface.c.obj
 .text.tud_descriptor_bos_cb
                0x100042f8        0x8 CMakeFiles/blink.dir/C_/VSARM/sdk/pico/pico-sdk/src/rp2_common/pico_stdio_usb/reset_interface.c.obj
                0x100042f8                tud_descriptor_bos_cb
 .text.tud_vendor_control_xfer_cb
                0x10004300       0x38 CMakeFiles/blink.dir/C_/VSARM/sdk/pico/pico-sdk/src/rp2_common/pico_stdio_usb/reset_interface.c.obj
                0x10004300                tud_vendor_control_xfer_cb
 .text.usbd_app_driver_get_cb
                0x10004338        0xc CMakeFiles/blink.dir/C_/VSARM/sdk/pico/pico-sdk/src/rp2_common/pico_stdio_usb/reset_interface.c.obj
                0x10004338                usbd_app_driver_get_cb
 .text.tud_cdc_line_coding_cb
                0x10004344       0x28 CMakeFiles/blink.dir/C_/VSARM/sdk/pico/pico-sdk/src/rp2_common/pico_stdio_usb/reset_interface.c.obj
                0x10004344                tud_cdc_line_coding_cb
 .text.stdio_usb_set_chars_available_callback
                0x1000436c       0x14 CMakeFiles/blink.dir/C_/VSARM/sdk/pico/pico-sdk/src/rp2_common/pico_stdio_usb/stdio_usb.c.obj
                0x1000436c                stdio_usb_set_chars_available_callback
 .text.stdio_usb_out_flush
                0x10004380       0x4c CMakeFiles/blink.dir/C_/VSARM/sdk/pico/pico-sdk/src/rp2_common/pico_stdio_usb/stdio_usb.c.obj
 .text.usb_irq  0x100043cc       0x10 CMakeFiles/blink.dir/C_/VSARM/sdk/pico/pico-sdk/src/rp2_common/pico_stdio_usb/stdio_usb.c.obj
 .text.low_priority_worker_irq
                0x100043dc       0xd0 CMakeFiles/blink.dir/C_/VSARM/sdk/pico/pico-sdk/src/rp2_common/pico_stdio_usb/stdio_usb.c.obj
 .text.timer_task
                0x100044ac       0x6c CMakeFiles/blink.dir/C_/VSARM/sdk/pico/pico-sdk/src/rp2_common/pico_stdio_usb/stdio_usb.c.obj
 .text.stdio_usb_init
                0x10004518       0xfc CMakeFiles/blink.dir/C_/VSARM/sdk/pico/pico-sdk/src/rp2_common/pico_stdio_usb/stdio_usb.c.obj
                0x10004518                stdio_usb_init
 .text.stdio_usb_connected
                0x10004614        0xa CMakeFiles/blink.dir/C_/VSARM/sdk/pico/pico-sdk/src/rp2_common/pico_stdio_usb/stdio_usb.c.obj
                0x10004614                stdio_usb_connected
 *fill*         0x1000461e        0x2 
 .text.stdio_usb_in_chars
                0x10004620       0x98 CMakeFiles/blink.dir/C_/VSARM/sdk/pico/pico-sdk/src/rp2_common/pico_stdio_usb/stdio_usb.c.obj
                0x10004620                stdio_usb_in_chars
 .text.stdio_usb_out_chars
                0x100046b8       0xe8 CMakeFiles/blink.dir/C_/VSARM/sdk/pico/pico-sdk/src/rp2_common/pico_stdio_usb/stdio_usb.c.obj
 .text.tud_descriptor_device_cb
                0x100047a0        0x8 CMakeFiles/blink.dir/C_/VSARM/sdk/pico/pico-sdk/src/rp2_common/pico_stdio_usb/stdio_usb_descriptors.c.obj
                0x100047a0                tud_descriptor_device_cb
 .text.tud_descriptor_configuration_cb
                0x100047a8        0x8 CMakeFiles/blink.dir/C_/VSARM/sdk/pico/pico-sdk/src/rp2_common/pico_stdio_usb/stdio_usb_descriptors.c.obj
                0x100047a8                tud_descriptor_configuration_cb
 .text.tud_descriptor_string_cb
                0x100047b0       0x6c CMakeFiles/blink.dir/C_/VSARM/sdk/pico/pico-sdk/src/rp2_common/pico_stdio_usb/stdio_usb_descriptors.c.obj
                0x100047b0                tud_descriptor_string_cb
 .text._retrieve_unique_id_on_boot
                0x1000481c       0x10 CMakeFiles/blink.dir/C_/VSARM/sdk/pico/pico-sdk/src/rp2_common/pico_unique_id/unique_id.c.obj
 .text.pico_get_unique_board_id_string
                0x1000482c       0x60 CMakeFiles/blink.dir/C_/VSARM/sdk/pico/pico-sdk/src/rp2_common/pico_unique_id/unique_id.c.obj
                0x1000482c                pico_get_unique_board_id_string
 .text.flash_get_unique_id
                0x1000488c       0x46 CMakeFiles/blink.dir/C_/VSARM/sdk/pico/pico-sdk/src/rp2_common/hardware_flash/flash.c.obj
                0x1000488c                flash_get_unique_id
 *fill*         0x100048d2        0x2 
 .text._hw_endpoint_alloc
                0x100048d4       0x70 CMakeFiles/blink.dir/C_/VSARM/sdk/pico/pico-sdk/lib/tinyusb/src/portable/raspberrypi/rp2040/dcd_rp2040.c.obj
 .text.hw_endpoint_init
                0x10004944       0xc4 CMakeFiles/blink.dir/C_/VSARM/sdk/pico/pico-sdk/lib/tinyusb/src/portable/raspberrypi/rp2040/dcd_rp2040.c.obj
 .text.hw_endpoint_xfer
                0x10004a08       0x20 CMakeFiles/blink.dir/C_/VSARM/sdk/pico/pico-sdk/lib/tinyusb/src/portable/raspberrypi/rp2040/dcd_rp2040.c.obj
 .text.dcd_int_enable
                0x10004a28       0x2c CMakeFiles/blink.dir/C_/VSARM/sdk/pico/pico-sdk/lib/tinyusb/src/portable/raspberrypi/rp2040/dcd_rp2040.c.obj
                0x10004a28                dcd_int_enable
 .text.dcd_set_address
                0x10004a54       0x2c CMakeFiles/blink.dir/C_/VSARM/sdk/pico/pico-sdk/lib/tinyusb/src/portable/raspberrypi/rp2040/dcd_rp2040.c.obj
                0x10004a54                dcd_set_address
 .text.dcd_connect
                0x10004a80       0x10 CMakeFiles/blink.dir/C_/VSARM/sdk/pico/pico-sdk/lib/tinyusb/src/portable/raspberrypi/rp2040/dcd_rp2040.c.obj
                0x10004a80                dcd_connect
 .text.dcd_init
                0x10004a90       0x80 CMakeFiles/blink.dir/C_/VSARM/sdk/pico/pico-sdk/lib/tinyusb/src/portable/raspberrypi/rp2040/dcd_rp2040.c.obj
                0x10004a90                dcd_init
 .text.dcd_sof_enable
                0x10004b10       0x1c CMakeFiles/blink.dir/C_/VSARM/sdk/pico/pico-sdk/lib/tinyusb/src/portable/raspberrypi/rp2040/dcd_rp2040.c.obj
                0x10004b10                dcd_sof_enable
 .text.dcd_edpt0_status_complete
                0x10004b2c       0x1c CMakeFiles/blink.dir/C_/VSARM/sdk/pico/pico-sdk/lib/tinyusb/src/portable/raspberrypi/rp2040/dcd_rp2040.c.obj
                0x10004b2c                dcd_edpt0_status_complete
 .text.dcd_edpt_open
                0x10004b48       0x40 CMakeFiles/blink.dir/C_/VSARM/sdk/pico/pico-sdk/lib/tinyusb/src/portable/raspberrypi/rp2040/dcd_rp2040.c.obj
                0x10004b48                dcd_edpt_open
 .text.dcd_edpt_close_all
                0x10004b88        0x8 CMakeFiles/blink.dir/C_/VSARM/sdk/pico/pico-sdk/lib/tinyusb/src/portable/raspberrypi/rp2040/dcd_rp2040.c.obj
                0x10004b88                dcd_edpt_close_all
 .text.dcd_edpt_xfer
                0x10004b90       0x30 CMakeFiles/blink.dir/C_/VSARM/sdk/pico/pico-sdk/lib/tinyusb/src/portable/raspberrypi/rp2040/dcd_rp2040.c.obj
                0x10004b90                dcd_edpt_xfer
 .text.dcd_edpt_stall
                0x10004bc0       0x3c CMakeFiles/blink.dir/C_/VSARM/sdk/pico/pico-sdk/lib/tinyusb/src/portable/raspberrypi/rp2040/dcd_rp2040.c.obj
                0x10004bc0                dcd_edpt_stall
 .text.dcd_edpt_clear_stall
                0x10004bfc       0x30 CMakeFiles/blink.dir/C_/VSARM/sdk/pico/pico-sdk/lib/tinyusb/src/portable/raspberrypi/rp2040/dcd_rp2040.c.obj
                0x10004bfc                dcd_edpt_clear_stall
 .text.unaligned_memcpy
                0x10004c2c       0x14 CMakeFiles/blink.dir/C_/VSARM/sdk/pico/pico-sdk/lib/tinyusb/src/portable/raspberrypi/rp2040/rp2040_usb.c.obj
 .text.rp2040_usb_init
                0x10004c40       0x44 CMakeFiles/blink.dir/C_/VSARM/sdk/pico/pico-sdk/lib/tinyusb/src/portable/raspberrypi/rp2040/rp2040_usb.c.obj
                0x10004c40                rp2040_usb_init
 .text.hw_endpoint_xfer_start
                0x10004c84       0x60 CMakeFiles/blink.dir/C_/VSARM/sdk/pico/pico-sdk/lib/tinyusb/src/portable/raspberrypi/rp2040/rp2040_usb.c.obj
                0x10004c84                hw_endpoint_xfer_start
 .text.configuration_reset
                0x10004ce4       0x84 CMakeFiles/blink.dir/C_/VSARM/sdk/pico/pico-sdk/lib/tinyusb/src/device/usbd.c.obj
 .text.usbd_reset
                0x10004d68        0xc CMakeFiles/blink.dir/C_/VSARM/sdk/pico/pico-sdk/lib/tinyusb/src/device/usbd.c.obj
 .text.invoke_class_control
                0x10004d74       0x1a CMakeFiles/blink.dir/C_/VSARM/sdk/pico/pico-sdk/lib/tinyusb/src/device/usbd.c.obj
 *fill*         0x10004d8e        0x2 
 .text.process_set_config
                0x10004d90      0x19c CMakeFiles/blink.dir/C_/VSARM/sdk/pico/pico-sdk/lib/tinyusb/src/device/usbd.c.obj
 .text.tud_event_hook_cb
                0x10004f2c        0x2 CMakeFiles/blink.dir/C_/VSARM/sdk/pico/pico-sdk/lib/tinyusb/src/device/usbd.c.obj
                0x10004f2c                tud_event_hook_cb
 .text.tud_sof_cb
                0x10004f2e        0x2 CMakeFiles/blink.dir/C_/VSARM/sdk/pico/pico-sdk/lib/tinyusb/src/device/usbd.c.obj
                0x10004f2e                tud_sof_cb
 .text.tud_descriptor_device_qualifier_cb
                0x10004f30        0x4 CMakeFiles/blink.dir/C_/VSARM/sdk/pico/pico-sdk/lib/tinyusb/src/device/usbd.c.obj
                0x10004f30                tud_descriptor_device_qualifier_cb
 .text.tud_descriptor_other_speed_configuration_cb
                0x10004f34        0x4 CMakeFiles/blink.dir/C_/VSARM/sdk/pico/pico-sdk/lib/tinyusb/src/device/usbd.c.obj
                0x10004f34                tud_descriptor_other_speed_configuration_cb
 .text.process_get_descriptor
                0x10004f38       0xe0 CMakeFiles/blink.dir/C_/VSARM/sdk/pico/pico-sdk/lib/tinyusb/src/device/usbd.c.obj
 .text.tud_mount_cb
                0x10005018        0x2 CMakeFiles/blink.dir/C_/VSARM/sdk/pico/pico-sdk/lib/tinyusb/src/device/usbd.c.obj
                0x10005018                tud_mount_cb
 .text.tud_umount_cb
                0x1000501a        0x2 CMakeFiles/blink.dir/C_/VSARM/sdk/pico/pico-sdk/lib/tinyusb/src/device/usbd.c.obj
                0x1000501a                tud_umount_cb
 .text.tud_suspend_cb
                0x1000501c        0x2 CMakeFiles/blink.dir/C_/VSARM/sdk/pico/pico-sdk/lib/tinyusb/src/device/usbd.c.obj
                0x1000501c                tud_suspend_cb
 .text.tud_resume_cb
                0x1000501e        0x2 CMakeFiles/blink.dir/C_/VSARM/sdk/pico/pico-sdk/lib/tinyusb/src/device/usbd.c.obj
                0x1000501e                tud_resume_cb
 .text.tud_mounted
                0x10005020       0x10 CMakeFiles/blink.dir/C_/VSARM/sdk/pico/pico-sdk/lib/tinyusb/src/device/usbd.c.obj
                0x10005020                tud_mounted
 .text.tud_suspended
                0x10005030       0x10 CMakeFiles/blink.dir/C_/VSARM/sdk/pico/pico-sdk/lib/tinyusb/src/device/usbd.c.obj
                0x10005030                tud_suspended
 .text.tud_inited
                0x10005040       0x14 CMakeFiles/blink.dir/C_/VSARM/sdk/pico/pico-sdk/lib/tinyusb/src/device/usbd.c.obj
                0x10005040                tud_inited
 .text.tud_init
                0x10005054       0xdc CMakeFiles/blink.dir/C_/VSARM/sdk/pico/pico-sdk/lib/tinyusb/src/device/usbd.c.obj
                0x10005054                tud_init
 .text.usbd_edpt_open
                0x10005130       0x60 CMakeFiles/blink.dir/C_/VSARM/sdk/pico/pico-sdk/lib/tinyusb/src/device/usbd.c.obj
                0x10005130                usbd_edpt_open
 .text.usbd_open_edpt_pair
                0x10005190       0x8c CMakeFiles/blink.dir/C_/VSARM/sdk/pico/pico-sdk/lib/tinyusb/src/device/usbd.c.obj
                0x10005190                usbd_open_edpt_pair
 .text.usbd_edpt_claim
                0x1000521c       0x28 CMakeFiles/blink.dir/C_/VSARM/sdk/pico/pico-sdk/lib/tinyusb/src/device/usbd.c.obj
                0x1000521c                usbd_edpt_claim
 .text.usbd_edpt_release
                0x10005244       0x28 CMakeFiles/blink.dir/C_/VSARM/sdk/pico/pico-sdk/lib/tinyusb/src/device/usbd.c.obj
                0x10005244                usbd_edpt_release
 .text.usbd_edpt_xfer
                0x1000526c       0x88 CMakeFiles/blink.dir/C_/VSARM/sdk/pico/pico-sdk/lib/tinyusb/src/device/usbd.c.obj
                0x1000526c                usbd_edpt_xfer
 .text.usbd_edpt_stall
                0x100052f4       0x34 CMakeFiles/blink.dir/C_/VSARM/sdk/pico/pico-sdk/lib/tinyusb/src/device/usbd.c.obj
                0x100052f4                usbd_edpt_stall
 .text.usbd_edpt_clear_stall
                0x10005328       0x34 CMakeFiles/blink.dir/C_/VSARM/sdk/pico/pico-sdk/lib/tinyusb/src/device/usbd.c.obj
                0x10005328                usbd_edpt_clear_stall
 .text.usbd_edpt_stalled
                0x1000535c       0x1c CMakeFiles/blink.dir/C_/VSARM/sdk/pico/pico-sdk/lib/tinyusb/src/device/usbd.c.obj
                0x1000535c                usbd_edpt_stalled
 .text.process_control_request
                0x10005378      0x394 CMakeFiles/blink.dir/C_/VSARM/sdk/pico/pico-sdk/lib/tinyusb/src/device/usbd.c.obj
 .text.tud_task_ext
                0x1000570c      0x1d8 CMakeFiles/blink.dir/C_/VSARM/sdk/pico/pico-sdk/lib/tinyusb/src/device/usbd.c.obj
                0x1000570c                tud_task_ext
 .text._data_stage_xact
                0x100058e4       0x60 CMakeFiles/blink.dir/C_/VSARM/sdk/pico/pico-sdk/lib/tinyusb/src/device/usbd_control.c.obj
 .text.tud_control_status
                0x10005944       0x38 CMakeFiles/blink.dir/C_/VSARM/sdk/pico/pico-sdk/lib/tinyusb/src/device/usbd_control.c.obj
                0x10005944                tud_control_status
 .text.tud_control_xfer
                0x1000597c       0xa8 CMakeFiles/blink.dir/C_/VSARM/sdk/pico/pico-sdk/lib/tinyusb/src/device/usbd_control.c.obj
                0x1000597c                tud_control_xfer
 .text.usbd_control_reset
                0x10005a24       0x14 CMakeFiles/blink.dir/C_/VSARM/sdk/pico/pico-sdk/lib/tinyusb/src/device/usbd_control.c.obj
                0x10005a24                usbd_control_reset
 .text.usbd_control_set_complete_callback
                0x10005a38        0xc CMakeFiles/blink.dir/C_/VSARM/sdk/pico/pico-sdk/lib/tinyusb/src/device/usbd_control.c.obj
                0x10005a38                usbd_control_set_complete_callback
 .text.usbd_control_set_request
                0x10005a44       0x1c CMakeFiles/blink.dir/C_/VSARM/sdk/pico/pico-sdk/lib/tinyusb/src/device/usbd_control.c.obj
                0x10005a44                usbd_control_set_request
 .text.usbd_control_xfer_cb
                0x10005a60       0xf4 CMakeFiles/blink.dir/C_/VSARM/sdk/pico/pico-sdk/lib/tinyusb/src/device/usbd_control.c.obj
                0x10005a60                usbd_control_xfer_cb
 .text._prep_out_transaction
                0x10005b54       0x72 CMakeFiles/blink.dir/C_/VSARM/sdk/pico/pico-sdk/lib/tinyusb/src/class/cdc/cdc_device.c.obj
 *fill*         0x10005bc6        0x2 
 .text.tud_cdc_n_connected
                0x10005bc8       0x44 CMakeFiles/blink.dir/C_/VSARM/sdk/pico/pico-sdk/lib/tinyusb/src/class/cdc/cdc_device.c.obj
                0x10005bc8                tud_cdc_n_connected
 .text.tud_cdc_n_available
                0x10005c0c       0x18 CMakeFiles/blink.dir/C_/VSARM/sdk/pico/pico-sdk/lib/tinyusb/src/class/cdc/cdc_device.c.obj
                0x10005c0c                tud_cdc_n_available
 .text.tud_cdc_n_read
                0x10005c24       0x38 CMakeFiles/blink.dir/C_/VSARM/sdk/pico/pico-sdk/lib/tinyusb/src/class/cdc/cdc_device.c.obj
                0x10005c24                tud_cdc_n_read
 .text.tud_cdc_n_write_flush
                0x10005c5c       0xcc CMakeFiles/blink.dir/C_/VSARM/sdk/pico/pico-sdk/lib/tinyusb/src/class/cdc/cdc_device.c.obj
                0x10005c5c                tud_cdc_n_write_flush
 .text.tud_cdc_n_write
                0x10005d28       0x48 CMakeFiles/blink.dir/C_/VSARM/sdk/pico/pico-sdk/lib/tinyusb/src/class/cdc/cdc_device.c.obj
                0x10005d28                tud_cdc_n_write
 .text.tud_cdc_n_write_available
                0x10005d70       0x1c CMakeFiles/blink.dir/C_/VSARM/sdk/pico/pico-sdk/lib/tinyusb/src/class/cdc/cdc_device.c.obj
                0x10005d70                tud_cdc_n_write_available
 .text.cdcd_init
                0x10005d8c       0xc0 CMakeFiles/blink.dir/C_/VSARM/sdk/pico/pico-sdk/lib/tinyusb/src/class/cdc/cdc_device.c.obj
                0x10005d8c                cdcd_init
 .text.cdcd_deinit
                0x10005e4c       0x50 CMakeFiles/blink.dir/C_/VSARM/sdk/pico/pico-sdk/lib/tinyusb/src/class/cdc/cdc_device.c.obj
                0x10005e4c                cdcd_deinit
 .text.cdcd_reset
                0x10005e9c       0x78 CMakeFiles/blink.dir/C_/VSARM/sdk/pico/pico-sdk/lib/tinyusb/src/class/cdc/cdc_device.c.obj
                0x10005e9c                cdcd_reset
 .text.cdcd_open
                0x10005f14       0xf8 CMakeFiles/blink.dir/C_/VSARM/sdk/pico/pico-sdk/lib/tinyusb/src/class/cdc/cdc_device.c.obj
                0x10005f14                cdcd_open
 .text.cdcd_control_xfer_cb
                0x1000600c      0x138 CMakeFiles/blink.dir/C_/VSARM/sdk/pico/pico-sdk/lib/tinyusb/src/class/cdc/cdc_device.c.obj
                0x1000600c                cdcd_control_xfer_cb
 .text.cdcd_xfer_cb
                0x10006144      0x144 CMakeFiles/blink.dir/C_/VSARM/sdk/pico/pico-sdk/lib/tinyusb/src/class/cdc/cdc_device.c.obj
                0x10006144                cdcd_xfer_cb
 .text._prep_out_transaction
                0x10006288       0x3a CMakeFiles/blink.dir/C_/VSARM/sdk/pico/pico-sdk/lib/tinyusb/src/class/vendor/vendor_device.c.obj
 *fill*         0x100062c2        0x2 
 .text.tud_vendor_n_write_flush
                0x100062c4       0xcc CMakeFiles/blink.dir/C_/VSARM/sdk/pico/pico-sdk/lib/tinyusb/src/class/vendor/vendor_device.c.obj
                0x100062c4                tud_vendor_n_write_flush
 .text.vendord_init
                0x10006390       0xa0 CMakeFiles/blink.dir/C_/VSARM/sdk/pico/pico-sdk/lib/tinyusb/src/class/vendor/vendor_device.c.obj
                0x10006390                vendord_init
 .text.vendord_deinit
                0x10006430       0x50 CMakeFiles/blink.dir/C_/VSARM/sdk/pico/pico-sdk/lib/tinyusb/src/class/vendor/vendor_device.c.obj
                0x10006430                vendord_deinit
 .text.vendord_reset
                0x10006480       0x38 CMakeFiles/blink.dir/C_/VSARM/sdk/pico/pico-sdk/lib/tinyusb/src/class/vendor/vendor_device.c.obj
                0x10006480                vendord_reset
 .text.vendord_open
                0x100064b8       0xd8 CMakeFiles/blink.dir/C_/VSARM/sdk/pico/pico-sdk/lib/tinyusb/src/class/vendor/vendor_device.c.obj
                0x100064b8                vendord_open
 .text.vendord_xfer_cb
                0x10006590       0xc8 CMakeFiles/blink.dir/C_/VSARM/sdk/pico/pico-sdk/lib/tinyusb/src/class/vendor/vendor_device.c.obj
                0x10006590                vendord_xfer_cb
 .text.tusb_init
                0x10006658       0x24 CMakeFiles/blink.dir/C_/VSARM/sdk/pico/pico-sdk/lib/tinyusb/src/tusb.c.obj
                0x10006658                tusb_init
 .text.tu_edpt_claim
                0x1000667c       0x50 CMakeFiles/blink.dir/C_/VSARM/sdk/pico/pico-sdk/lib/tinyusb/src/tusb.c.obj
                0x1000667c                tu_edpt_claim
 .text.tu_edpt_release
                0x100066cc       0x3c CMakeFiles/blink.dir/C_/VSARM/sdk/pico/pico-sdk/lib/tinyusb/src/tusb.c.obj
                0x100066cc                tu_edpt_release
 .text.tu_edpt_validate
                0x10006708       0xac CMakeFiles/blink.dir/C_/VSARM/sdk/pico/pico-sdk/lib/tinyusb/src/tusb.c.obj
                0x10006708                tu_edpt_validate
 .text.tu_edpt_bind_driver
                0x100067b4       0x26 CMakeFiles/blink.dir/C_/VSARM/sdk/pico/pico-sdk/lib/tinyusb/src/tusb.c.obj
                0x100067b4                tu_edpt_bind_driver
 .text.advance_index
                0x100067da       0x1a CMakeFiles/blink.dir/C_/VSARM/sdk/pico/pico-sdk/lib/tinyusb/src/common/tusb_fifo.c.obj
 .text._tu_fifo_peek
                0x100067f4       0x56 CMakeFiles/blink.dir/C_/VSARM/sdk/pico/pico-sdk/lib/tinyusb/src/common/tusb_fifo.c.obj
 .text._ff_pull_n
                0x1000684a       0x68 CMakeFiles/blink.dir/C_/VSARM/sdk/pico/pico-sdk/lib/tinyusb/src/common/tusb_fifo.c.obj
 .text._tu_fifo_peek_n
                0x100068b2       0x6a CMakeFiles/blink.dir/C_/VSARM/sdk/pico/pico-sdk/lib/tinyusb/src/common/tusb_fifo.c.obj
 .text._tu_fifo_read_n
                0x1000691c       0x4e CMakeFiles/blink.dir/C_/VSARM/sdk/pico/pico-sdk/lib/tinyusb/src/common/tusb_fifo.c.obj
 .text._ff_push_n
                0x1000696a       0x68 CMakeFiles/blink.dir/C_/VSARM/sdk/pico/pico-sdk/lib/tinyusb/src/common/tusb_fifo.c.obj
 .text._tu_fifo_write_n
                0x100069d2       0xf0 CMakeFiles/blink.dir/C_/VSARM/sdk/pico/pico-sdk/lib/tinyusb/src/common/tusb_fifo.c.obj
 .text.tu_fifo_config
                0x10006ac2       0x7c CMakeFiles/blink.dir/C_/VSARM/sdk/pico/pico-sdk/lib/tinyusb/src/common/tusb_fifo.c.obj
                0x10006ac2                tu_fifo_config
 .text.tu_fifo_count
                0x10006b3e       0x2a CMakeFiles/blink.dir/C_/VSARM/sdk/pico/pico-sdk/lib/tinyusb/src/common/tusb_fifo.c.obj
                0x10006b3e                tu_fifo_count
 .text.tu_fifo_empty
                0x10006b68       0x10 CMakeFiles/blink.dir/C_/VSARM/sdk/pico/pico-sdk/lib/tinyusb/src/common/tusb_fifo.c.obj
                0x10006b68                tu_fifo_empty
 .text.tu_fifo_full
                0x10006b78       0x28 CMakeFiles/blink.dir/C_/VSARM/sdk/pico/pico-sdk/lib/tinyusb/src/common/tusb_fifo.c.obj
                0x10006b78                tu_fifo_full
 .text.tu_fifo_remaining
                0x10006ba0       0x2c CMakeFiles/blink.dir/C_/VSARM/sdk/pico/pico-sdk/lib/tinyusb/src/common/tusb_fifo.c.obj
                0x10006ba0                tu_fifo_remaining
 .text.tu_fifo_read
                0x10006bcc       0x42 CMakeFiles/blink.dir/C_/VSARM/sdk/pico/pico-sdk/lib/tinyusb/src/common/tusb_fifo.c.obj
                0x10006bcc                tu_fifo_read
 .text.tu_fifo_read_n
                0x10006c0e        0xa CMakeFiles/blink.dir/C_/VSARM/sdk/pico/pico-sdk/lib/tinyusb/src/common/tusb_fifo.c.obj
                0x10006c0e                tu_fifo_read_n
 .text.tu_fifo_write
                0x10006c18       0x64 CMakeFiles/blink.dir/C_/VSARM/sdk/pico/pico-sdk/lib/tinyusb/src/common/tusb_fifo.c.obj
                0x10006c18                tu_fifo_write
 .text.tu_fifo_write_n
                0x10006c7c        0xa CMakeFiles/blink.dir/C_/VSARM/sdk/pico/pico-sdk/lib/tinyusb/src/common/tusb_fifo.c.obj
                0x10006c7c                tu_fifo_write_n
 .text.tu_fifo_clear
                0x10006c86       0x3e CMakeFiles/blink.dir/C_/VSARM/sdk/pico/pico-sdk/lib/tinyusb/src/common/tusb_fifo.c.obj
                0x10006c86                tu_fifo_clear
 .text.tu_fifo_set_overwritable
                0x10006cc4       0x46 CMakeFiles/blink.dir/C_/VSARM/sdk/pico/pico-sdk/lib/tinyusb/src/common/tusb_fifo.c.obj
                0x10006cc4                tu_fifo_set_overwritable
 .text.i2c_write_blocking_internal
                0x10006d0a      0x158 CMakeFiles/blink.dir/C_/VSARM/sdk/pico/pico-sdk/src/rp2_common/hardware_i2c/i2c.c.obj
 .text.i2c_read_blocking_internal
                0x10006e62       0xf6 CMakeFiles/blink.dir/C_/VSARM/sdk/pico/pico-sdk/src/rp2_common/hardware_i2c/i2c.c.obj
 .text.i2c_set_baudrate
                0x10006f58       0xf0 CMakeFiles/blink.dir/C_/VSARM/sdk/pico/pico-sdk/src/rp2_common/hardware_i2c/i2c.c.obj
                0x10006f58                i2c_set_baudrate
 .text.i2c_init
                0x10007048       0x6c CMakeFiles/blink.dir/C_/VSARM/sdk/pico/pico-sdk/src/rp2_common/hardware_i2c/i2c.c.obj
                0x10007048                i2c_init
 .text.i2c_write_blocking
                0x100070b4       0x18 CMakeFiles/blink.dir/C_/VSARM/sdk/pico/pico-sdk/src/rp2_common/hardware_i2c/i2c.c.obj
                0x100070b4                i2c_write_blocking
 .text.i2c_read_blocking
                0x100070cc       0x18 CMakeFiles/blink.dir/C_/VSARM/sdk/pico/pico-sdk/src/rp2_common/hardware_i2c/i2c.c.obj
                0x100070cc                i2c_read_blocking
 .text.adc_init
                0x100070e4       0x34 CMakeFiles/blink.dir/C_/VSARM/sdk/pico/pico-sdk/src/rp2_common/hardware_adc/adc.c.obj
                0x100070e4                adc_init
 .text.strlen   0x10007118       0x5c c:/vsarm/armcc/102021~1.10/bin/../lib/gcc/arm-none-eabi/10.3.1/../../../../arm-none-eabi/lib/thumb/v6-m/nofp\libg.a(lib_a-strlen-stub.o)
                0x10007118                strlen
 *(.fini)
 .fini          0x10007174        0x4 c:/vsarm/armcc/102021~1.10/bin/../lib/gcc/arm-none-eabi/10.3.1/thumb/v6-m/nofp/crti.o
                0x10007174                _fini
 .fini.__stub   0x10007178       0xd0 linker stubs
 *crtbegin.o(.ctors)
 *crtbegin?.o(.ctors)
 *(EXCLUDE_FILE(*crtend.o *crtend?.o) .ctors)
 *(SORT_BY_NAME(.ctors.*))
 *(.ctors)
 *crtbegin.o(.dtors)
 *crtbegin?.o(.dtors)
 *(EXCLUDE_FILE(*crtend.o *crtend?.o) .dtors)
 *(SORT_BY_NAME(.dtors.*))
 *(.dtors)
                0x10007248                . = ALIGN (0x4)
                0x10007248                PROVIDE (__preinit_array_start = .)
 *(SORT_BY_NAME(.preinit_array.*))
 .preinit_array.00100
                0x10007248        0x4 CMakeFiles/blink.dir/C_/VSARM/sdk/pico/pico-sdk/src/rp2_common/pico_runtime_init/runtime_init.c.obj
                0x10007248                __pre_init_runtime_init_early_resets
 .preinit_array.00101
                0x1000724c        0x4 CMakeFiles/blink.dir/C_/VSARM/sdk/pico/pico-sdk/src/rp2_common/pico_runtime_init/runtime_init.c.obj
                0x1000724c                __pre_init_runtime_init_usb_power_down
 .preinit_array.00275
                0x10007250        0x4 CMakeFiles/blink.dir/C_/VSARM/sdk/pico/pico-sdk/src/rp2_common/pico_bit_ops/bit_ops_aeabi.S.obj
 .preinit_array.00300
                0x10007254        0x4 CMakeFiles/blink.dir/C_/VSARM/sdk/pico/pico-sdk/src/rp2_common/pico_mem_ops/mem_ops_aeabi.S.obj
 .preinit_array.00350
                0x10007258        0x4 CMakeFiles/blink.dir/C_/VSARM/sdk/pico/pico-sdk/src/rp2_common/pico_double/double_aeabi_rp2040.S.obj
 .preinit_array.00350
                0x1000725c        0x4 CMakeFiles/blink.dir/C_/VSARM/sdk/pico/pico-sdk/src/rp2_common/pico_float/float_aeabi_rp2040.S.obj
 .preinit_array.00500
                0x10007260        0x4 CMakeFiles/blink.dir/C_/VSARM/sdk/pico/pico-sdk/src/rp2_common/pico_runtime_init/runtime_init.c.obj
                0x10007260                __pre_init_runtime_init_clocks
 .preinit_array.00600
                0x10007264        0x4 CMakeFiles/blink.dir/C_/VSARM/sdk/pico/pico-sdk/src/rp2_common/pico_runtime_init/runtime_init.c.obj
                0x10007264                __pre_init_runtime_init_post_clock_resets
 .preinit_array.00700
                0x10007268        0x4 CMakeFiles/blink.dir/C_/VSARM/sdk/pico/pico-sdk/src/rp2_common/pico_runtime_init/runtime_init.c.obj
                0x10007268                __pre_init_runtime_init_rp2040_gpio_ie_disable
 .preinit_array.01000
                0x1000726c        0x4 CMakeFiles/blink.dir/C_/VSARM/sdk/pico/pico-sdk/src/rp2_common/pico_runtime_init/runtime_init.c.obj
                0x1000726c                __pre_init_runtime_init_spin_locks_reset
 .preinit_array.01100
                0x10007270        0x4 CMakeFiles/blink.dir/C_/VSARM/sdk/pico/pico-sdk/src/common/pico_sync/mutex.c.obj
                0x10007270                __pre_init_runtime_init_mutex
 .preinit_array.10080
                0x10007274        0x4 CMakeFiles/blink.dir/C_/VSARM/sdk/pico/pico-sdk/src/rp2_common/pico_runtime_init/runtime_init.c.obj
                0x10007274                __pre_init_runtime_init_install_ram_vector_table
 .preinit_array.11000
                0x10007278        0x4 CMakeFiles/blink.dir/C_/VSARM/sdk/pico/pico-sdk/src/common/pico_time/time.c.obj
                0x10007278                __pre_init_runtime_init_default_alarm_pool
 .preinit_array.YYYYY
                0x1000727c        0x4 CMakeFiles/blink.dir/C_/VSARM/sdk/pico/pico-sdk/src/rp2_common/pico_runtime/runtime.c.obj
                0x1000727c                __pre_init_first_per_core_initializer
 .preinit_array.ZZZZZ.01200
                0x10007280        0x4 CMakeFiles/blink.dir/C_/VSARM/sdk/pico/pico-sdk/src/rp2_common/hardware_irq/irq.c.obj
                0x10007280                __pre_init_runtime_init_per_core_irq_priorities
 *(.preinit_array)
                0x10007284                PROVIDE (__preinit_array_end = .)
                0x10007284                . = ALIGN (0x4)
                0x10007284                PROVIDE (__init_array_start = .)
 *(SORT_BY_NAME(.init_array.*))
 *(.init_array)
 .init_array    0x10007284        0x4 c:/vsarm/armcc/102021~1.10/bin/../lib/gcc/arm-none-eabi/10.3.1/thumb/v6-m/nofp/crtbegin.o
 .init_array    0x10007288        0x4 CMakeFiles/blink.dir/C_/VSARM/sdk/pico/pico-sdk/src/rp2_common/pico_unique_id/unique_id.c.obj
                0x1000728c                PROVIDE (__init_array_end = .)
                0x1000728c                . = ALIGN (0x4)
                [!provide]                PROVIDE (__fini_array_start = .)
 *(SORT_BY_NAME(.fini_array.*))
 *(.fini_array)
                [!provide]                PROVIDE (__fini_array_end = .)
 *(.eh_frame*)
 .eh_frame      0x1000728c        0x0 c:/vsarm/armcc/102021~1.10/bin/../lib/gcc/arm-none-eabi/10.3.1/thumb/v6-m/nofp/crtbegin.o
                0x1000728c                . = ALIGN (0x4)

.glue_7         0x1000728c        0x0
 .glue_7        0x1000728c        0x0 linker stubs

.glue_7t        0x1000728c        0x0
 .glue_7t       0x1000728c        0x0 linker stubs

.vfp11_veneer   0x1000728c        0x0
 .vfp11_veneer  0x1000728c        0x0 linker stubs

.v4_bx          0x1000728c        0x0
 .v4_bx         0x1000728c        0x0 linker stubs

.iplt           0x1000728c        0x0
 .iplt          0x1000728c        0x0 c:/vsarm/armcc/102021~1.10/bin/../lib/gcc/arm-none-eabi/10.3.1/thumb/v6-m/nofp/crtbegin.o

.rodata         0x10007290     0x1488
 *(EXCLUDE_FILE(*libm.a: *libc.a:*lib_a-mem*.o *libgcc.a:) .rodata*)
 .rodata.main.str1.4
                0x10007290       0xa4 CMakeFiles/blink.dir/main.c.obj
 .rodata.rp2040_chip_version.str1.4
                0x10007334       0x75 CMakeFiles/blink.dir/C_/VSARM/sdk/pico/pico-sdk/src/rp2040/pico_platform/platform.c.obj
 *fill*         0x100073a9        0x3 
 .rodata.__func__.0
                0x100073ac       0x14 CMakeFiles/blink.dir/C_/VSARM/sdk/pico/pico-sdk/src/rp2040/pico_platform/platform.c.obj
 .rodata.panic.str1.4
                0x100073c0       0x12 CMakeFiles/blink.dir/C_/VSARM/sdk/pico/pico-sdk/src/rp2_common/pico_platform_panic/panic.c.obj
 *fill*         0x100073d2        0x2 
 .rodata.spin_lock_claim_unused.str1.4
                0x100073d4       0x1b CMakeFiles/blink.dir/C_/VSARM/sdk/pico/pico-sdk/src/rp2_common/hardware_sync/sync.c.obj
 *fill*         0x100073ef        0x1 
 .rodata.make_j_16.str1.4
                0x100073f0       0x6d CMakeFiles/blink.dir/C_/VSARM/sdk/pico/pico-sdk/src/rp2_common/hardware_irq/irq.c.obj
 *fill*         0x1000745d        0x3 
 .rodata.irq_set_exclusive_handler.str1.4
                0x10007460       0x36 CMakeFiles/blink.dir/C_/VSARM/sdk/pico/pico-sdk/src/rp2_common/hardware_irq/irq.c.obj
 *fill*         0x10007496        0x2 
 .rodata.irq_add_shared_handler.str1.4
                0x10007498       0xe9 CMakeFiles/blink.dir/C_/VSARM/sdk/pico/pico-sdk/src/rp2_common/hardware_irq/irq.c.obj
 *fill*         0x10007581        0x3 
 .rodata.irq_add_tail_to_free_list.str1.4
                0x10007584       0x3a CMakeFiles/blink.dir/C_/VSARM/sdk/pico/pico-sdk/src/rp2_common/hardware_irq/irq.c.obj
 *fill*         0x100075be        0x2 
 .rodata.user_irq_claim_unused.str1.4
                0x100075c0       0x1b CMakeFiles/blink.dir/C_/VSARM/sdk/pico/pico-sdk/src/rp2_common/hardware_irq/irq.c.obj
 *fill*         0x100075db        0x1 
 .rodata.__func__.0
                0x100075dc       0x1a CMakeFiles/blink.dir/C_/VSARM/sdk/pico/pico-sdk/src/rp2_common/hardware_irq/irq.c.obj
 *fill*         0x100075f6        0x2 
 .rodata.__func__.3
                0x100075f8        0xa CMakeFiles/blink.dir/C_/VSARM/sdk/pico/pico-sdk/src/rp2_common/hardware_irq/irq.c.obj
 *fill*         0x10007602        0x2 
 .rodata.__func__.4
                0x10007604        0xd CMakeFiles/blink.dir/C_/VSARM/sdk/pico/pico-sdk/src/rp2_common/hardware_irq/irq.c.obj
 *fill*         0x10007611        0x3 
 .rodata.__func__.5
                0x10007614       0x17 CMakeFiles/blink.dir/C_/VSARM/sdk/pico/pico-sdk/src/rp2_common/hardware_irq/irq.c.obj
 *fill*         0x1000762b        0x1 
 .rodata.__func__.6
                0x1000762c       0x1a CMakeFiles/blink.dir/C_/VSARM/sdk/pico/pico-sdk/src/rp2_common/hardware_irq/irq.c.obj
 *fill*         0x10007646        0x2 
 .rodata.runtime_init_mutex.str1.4
                0x10007648       0x58 CMakeFiles/blink.dir/C_/VSARM/sdk/pico/pico-sdk/src/common/pico_sync/mutex.c.obj
 .rodata.str1.4
                0x100076a0       0x51 CMakeFiles/blink.dir/C_/VSARM/sdk/pico/pico-sdk/src/common/pico_sync/mutex.c.obj
 *fill*         0x100076f1        0x3 
 .rodata.__func__.1
                0x100076f4        0xb CMakeFiles/blink.dir/C_/VSARM/sdk/pico/pico-sdk/src/common/pico_sync/mutex.c.obj
 *fill*         0x100076ff        0x1 
 .rodata.__func__.3
                0x10007700       0x18 CMakeFiles/blink.dir/C_/VSARM/sdk/pico/pico-sdk/src/common/pico_sync/mutex.c.obj
 .rodata.__func__.6
                0x10007718       0x13 CMakeFiles/blink.dir/C_/VSARM/sdk/pico/pico-sdk/src/common/pico_sync/mutex.c.obj
 *fill*         0x1000772b        0x1 
 .rodata.alarm_pool_irq_handler.str1.4
                0x1000772c       0x63 CMakeFiles/blink.dir/C_/VSARM/sdk/pico/pico-sdk/src/common/pico_time/time.c.obj
 *fill*         0x1000778f        0x1 
 .rodata.alarm_pool_get_default.str1.4
                0x10007790       0x21 CMakeFiles/blink.dir/C_/VSARM/sdk/pico/pico-sdk/src/common/pico_time/time.c.obj
 *fill*         0x100077b1        0x3 
 .rodata.sleep_until.str1.4
                0x100077b4       0x4d CMakeFiles/blink.dir/C_/VSARM/sdk/pico/pico-sdk/src/common/pico_time/time.c.obj
 *fill*         0x10007801        0x3 
 .rodata.__func__.1
                0x10007804       0x17 CMakeFiles/blink.dir/C_/VSARM/sdk/pico/pico-sdk/src/common/pico_time/time.c.obj
 *fill*         0x1000781b        0x1 
 .rodata.__func__.2
                0x1000781c       0x17 CMakeFiles/blink.dir/C_/VSARM/sdk/pico/pico-sdk/src/common/pico_time/time.c.obj
 *fill*         0x10007833        0x1 
 .rodata.timer_hardware_alarm_claim.str1.4
                0x10007834       0x22 CMakeFiles/blink.dir/C_/VSARM/sdk/pico/pico-sdk/src/rp2_common/hardware_timer/timer.c.obj
 *fill*         0x10007856        0x2 
 .rodata.pll_init.str1.4
                0x10007858      0x114 CMakeFiles/blink.dir/C_/VSARM/sdk/pico/pico-sdk/src/rp2_common/hardware_pll/pll.c.obj
 .rodata.__func__.0
                0x1000796c        0x9 CMakeFiles/blink.dir/C_/VSARM/sdk/pico/pico-sdk/src/rp2_common/hardware_pll/pll.c.obj
 *fill*         0x10007975        0x3 
 .rodata.__aeabi_double_init.str1.4
                0x10007978       0x93 CMakeFiles/blink.dir/C_/VSARM/sdk/pico/pico-sdk/src/rp2_common/pico_double/double_init_rom_rp2040.c.obj
 *fill*         0x10007a0b        0x1 
 .rodata.__func__.0
                0x10007a0c       0x14 CMakeFiles/blink.dir/C_/VSARM/sdk/pico/pico-sdk/src/rp2_common/pico_double/double_init_rom_rp2040.c.obj
 .rodata.__aeabi_float_init.str1.4
                0x10007a20       0x81 CMakeFiles/blink.dir/C_/VSARM/sdk/pico/pico-sdk/src/rp2_common/pico_float/float_init_rom_rp2040.c.obj
                                 0x85 (size before relaxing)
 *fill*         0x10007aa1        0x3 
 .rodata.__func__.0
                0x10007aa4       0x13 CMakeFiles/blink.dir/C_/VSARM/sdk/pico/pico-sdk/src/rp2_common/pico_float/float_init_rom_rp2040.c.obj
 *fill*         0x10007ab7        0x1 
 .rodata.str1.4
                0x10007ab8       0x2c CMakeFiles/blink.dir/C_/VSARM/sdk/pico/pico-sdk/src/rp2_common/pico_standard_binary_info/standard_binary_info.c.obj
 .rodata.__bi_26
                0x10007ae4        0xc CMakeFiles/blink.dir/C_/VSARM/sdk/pico/pico-sdk/src/rp2_common/pico_standard_binary_info/standard_binary_info.c.obj
 .rodata.__bi_34
                0x10007af0        0xc CMakeFiles/blink.dir/C_/VSARM/sdk/pico/pico-sdk/src/rp2_common/pico_standard_binary_info/standard_binary_info.c.obj
 .rodata.__bi_42
                0x10007afc        0xc CMakeFiles/blink.dir/C_/VSARM/sdk/pico/pico-sdk/src/rp2_common/pico_standard_binary_info/standard_binary_info.c.obj
 .rodata.__bi_48
                0x10007b08        0xc CMakeFiles/blink.dir/C_/VSARM/sdk/pico/pico-sdk/src/rp2_common/pico_standard_binary_info/standard_binary_info.c.obj
 .rodata.__bi_54
                0x10007b14        0xc CMakeFiles/blink.dir/C_/VSARM/sdk/pico/pico-sdk/src/rp2_common/pico_standard_binary_info/standard_binary_info.c.obj
 .rodata.__bi_84
                0x10007b20        0xc CMakeFiles/blink.dir/C_/VSARM/sdk/pico/pico-sdk/src/rp2_common/pico_standard_binary_info/standard_binary_info.c.obj
 .rodata._ftoa.str1.4
                0x10007b2c       0x15 CMakeFiles/blink.dir/C_/VSARM/sdk/pico/pico-sdk/src/rp2_common/pico_printf/printf.c.obj
 *fill*         0x10007b41        0x3 
 .rodata._vsnprintf
                0x10007b44      0x1e0 CMakeFiles/blink.dir/C_/VSARM/sdk/pico/pico-sdk/src/rp2_common/pico_printf/printf.c.obj
 *fill*         0x10007d24        0x4 
 .rodata.pow10.0
                0x10007d28       0x50 CMakeFiles/blink.dir/C_/VSARM/sdk/pico/pico-sdk/src/rp2_common/pico_printf/printf.c.obj
 .rodata.__assert_func.str1.4
                0x10007d78       0x3f CMakeFiles/blink.dir/C_/VSARM/sdk/pico/pico-sdk/src/rp2_common/pico_clib_interface/newlib_interface.c.obj
                                 0x43 (size before relaxing)
 *fill*         0x10007db7        0x1 
 .rodata.crlf_str.0
                0x10007db8        0x2 CMakeFiles/blink.dir/C_/VSARM/sdk/pico/pico-sdk/src/rp2_common/pico_stdio/stdio.c.obj
 *fill*         0x10007dba        0x2 
 .rodata._resetd_driver
                0x10007dbc       0x20 CMakeFiles/blink.dir/C_/VSARM/sdk/pico/pico-sdk/src/rp2_common/pico_stdio_usb/reset_interface.c.obj
 .rodata.desc_bos
                0x10007ddc       0x21 CMakeFiles/blink.dir/C_/VSARM/sdk/pico/pico-sdk/src/rp2_common/pico_stdio_usb/reset_interface.c.obj
                0x10007ddc                desc_bos
 *fill*         0x10007dfd        0x3 
 .rodata.desc_ms_os_20
                0x10007e00       0xa6 CMakeFiles/blink.dir/C_/VSARM/sdk/pico/pico-sdk/src/rp2_common/pico_stdio_usb/reset_interface.c.obj
 *fill*         0x10007ea6        0x2 
 .rodata.stdio_usb_init.str1.4
                0x10007ea8       0x4d CMakeFiles/blink.dir/C_/VSARM/sdk/pico/pico-sdk/src/rp2_common/pico_stdio_usb/stdio_usb.c.obj
 *fill*         0x10007ef5        0x3 
 .rodata.str1.4
                0x10007ef8       0x13 CMakeFiles/blink.dir/C_/VSARM/sdk/pico/pico-sdk/src/rp2_common/pico_stdio_usb/stdio_usb.c.obj
 *fill*         0x10007f0b        0x1 
 .rodata.__bi_197.1
                0x10007f0c        0xc CMakeFiles/blink.dir/C_/VSARM/sdk/pico/pico-sdk/src/rp2_common/pico_stdio_usb/stdio_usb.c.obj
 .rodata.__func__.2
                0x10007f18        0xf CMakeFiles/blink.dir/C_/VSARM/sdk/pico/pico-sdk/src/rp2_common/pico_stdio_usb/stdio_usb.c.obj
 *fill*         0x10007f27        0x1 
 .rodata.str1.4
                0x10007f28       0x2a CMakeFiles/blink.dir/C_/VSARM/sdk/pico/pico-sdk/src/rp2_common/pico_stdio_usb/stdio_usb_descriptors.c.obj
 *fill*         0x10007f52        0x2 
 .rodata.usbd_desc_cfg
                0x10007f54       0x54 CMakeFiles/blink.dir/C_/VSARM/sdk/pico/pico-sdk/src/rp2_common/pico_stdio_usb/stdio_usb_descriptors.c.obj
 .rodata.usbd_desc_device
                0x10007fa8       0x12 CMakeFiles/blink.dir/C_/VSARM/sdk/pico/pico-sdk/src/rp2_common/pico_stdio_usb/stdio_usb_descriptors.c.obj
 *fill*         0x10007fba        0x2 
 .rodata.usbd_desc_str
                0x10007fbc       0x18 CMakeFiles/blink.dir/C_/VSARM/sdk/pico/pico-sdk/src/rp2_common/pico_stdio_usb/stdio_usb_descriptors.c.obj
 .rodata.pico_get_unique_board_id_string.str1.4
                0x10007fd4       0x4d CMakeFiles/blink.dir/C_/VSARM/sdk/pico/pico-sdk/src/rp2_common/pico_unique_id/unique_id.c.obj
 *fill*         0x10008021        0x3 
 .rodata.__func__.0
                0x10008024       0x20 CMakeFiles/blink.dir/C_/VSARM/sdk/pico/pico-sdk/src/rp2_common/pico_unique_id/unique_id.c.obj
 .rodata.str1.4
                0x10008044      0x191 CMakeFiles/blink.dir/C_/VSARM/sdk/pico/pico-sdk/src/rp2_common/hardware_flash/flash.c.obj
 *fill*         0x100081d5        0x3 
 .rodata.__func__.0
                0x100081d8        0xd CMakeFiles/blink.dir/C_/VSARM/sdk/pico/pico-sdk/src/rp2_common/hardware_flash/flash.c.obj
 *fill*         0x100081e5        0x3 
 .rodata._hw_endpoint_alloc.str1.4
                0x100081e8       0xb5 CMakeFiles/blink.dir/C_/VSARM/sdk/pico/pico-sdk/lib/tinyusb/src/portable/raspberrypi/rp2040/dcd_rp2040.c.obj
 *fill*         0x1000829d        0x3 
 .rodata.str1.4
                0x100082a0       0x14 CMakeFiles/blink.dir/C_/VSARM/sdk/pico/pico-sdk/lib/tinyusb/src/portable/raspberrypi/rp2040/dcd_rp2040.c.obj
 .rodata.dcd_int_enable.str1.4
                0x100082b4        0xc CMakeFiles/blink.dir/C_/VSARM/sdk/pico/pico-sdk/lib/tinyusb/src/portable/raspberrypi/rp2040/dcd_rp2040.c.obj
 .rodata.__func__.0
                0x100082c0        0xe CMakeFiles/blink.dir/C_/VSARM/sdk/pico/pico-sdk/lib/tinyusb/src/portable/raspberrypi/rp2040/dcd_rp2040.c.obj
 *fill*         0x100082ce        0x2 
 .rodata.__func__.1
                0x100082d0        0xe CMakeFiles/blink.dir/C_/VSARM/sdk/pico/pico-sdk/lib/tinyusb/src/portable/raspberrypi/rp2040/dcd_rp2040.c.obj
 *fill*         0x100082de        0x2 
 .rodata.__func__.3
                0x100082e0       0x10 CMakeFiles/blink.dir/C_/VSARM/sdk/pico/pico-sdk/lib/tinyusb/src/portable/raspberrypi/rp2040/dcd_rp2040.c.obj
 .rodata.__func__.5
                0x100082f0        0xf CMakeFiles/blink.dir/C_/VSARM/sdk/pico/pico-sdk/lib/tinyusb/src/portable/raspberrypi/rp2040/dcd_rp2040.c.obj
 *fill*         0x100082ff        0x1 
 .rodata.__func__.6
                0x10008300       0x13 CMakeFiles/blink.dir/C_/VSARM/sdk/pico/pico-sdk/lib/tinyusb/src/portable/raspberrypi/rp2040/dcd_rp2040.c.obj
 *fill*         0x10008313        0x1 
 .rodata.__func__.7
                0x10008314        0x9 CMakeFiles/blink.dir/C_/VSARM/sdk/pico/pico-sdk/lib/tinyusb/src/portable/raspberrypi/rp2040/dcd_rp2040.c.obj
 *fill*         0x1000831d        0x3 
 .rodata.str1.4
                0x10008320       0xdc CMakeFiles/blink.dir/C_/VSARM/sdk/pico/pico-sdk/lib/tinyusb/src/portable/raspberrypi/rp2040/rp2040_usb.c.obj
 .rodata.hw_endpoint_xfer_start.str1.4
                0x100083fc       0x38 CMakeFiles/blink.dir/C_/VSARM/sdk/pico/pico-sdk/lib/tinyusb/src/portable/raspberrypi/rp2040/rp2040_usb.c.obj
 .rodata.__func__.0
                0x10008434        0xf CMakeFiles/blink.dir/C_/VSARM/sdk/pico/pico-sdk/lib/tinyusb/src/portable/raspberrypi/rp2040/rp2040_usb.c.obj
 *fill*         0x10008443        0x1 
 .rodata.configuration_reset.str1.4
                0x10008444       0x17 CMakeFiles/blink.dir/C_/VSARM/sdk/pico/pico-sdk/lib/tinyusb/src/device/usbd.c.obj
 *fill*         0x1000845b        0x1 
 .rodata.process_get_descriptor
                0x1000845c       0x40 CMakeFiles/blink.dir/C_/VSARM/sdk/pico/pico-sdk/lib/tinyusb/src/device/usbd.c.obj
 .rodata        0x1000849c       0x1c CMakeFiles/blink.dir/C_/VSARM/sdk/pico/pico-sdk/lib/tinyusb/src/device/usbd.c.obj
 .rodata.process_control_request
                0x100084b8       0x28 CMakeFiles/blink.dir/C_/VSARM/sdk/pico/pico-sdk/lib/tinyusb/src/device/usbd.c.obj
 .rodata.tud_task_ext
                0x100084e0       0x24 CMakeFiles/blink.dir/C_/VSARM/sdk/pico/pico-sdk/lib/tinyusb/src/device/usbd.c.obj
 .rodata.__func__.10
                0x10008504       0x18 CMakeFiles/blink.dir/C_/VSARM/sdk/pico/pico-sdk/lib/tinyusb/src/device/usbd.c.obj
 .rodata.__func__.11
                0x1000851c       0x14 CMakeFiles/blink.dir/C_/VSARM/sdk/pico/pico-sdk/lib/tinyusb/src/device/usbd.c.obj
 .rodata.__func__.12
                0x10008530        0xd CMakeFiles/blink.dir/C_/VSARM/sdk/pico/pico-sdk/lib/tinyusb/src/device/usbd.c.obj
 *fill*         0x1000853d        0x3 
 .rodata.__func__.13
                0x10008540        0x9 CMakeFiles/blink.dir/C_/VSARM/sdk/pico/pico-sdk/lib/tinyusb/src/device/usbd.c.obj
 *fill*         0x10008549        0x3 
 .rodata.__func__.4
                0x1000854c        0xf CMakeFiles/blink.dir/C_/VSARM/sdk/pico/pico-sdk/lib/tinyusb/src/device/usbd.c.obj
 *fill*         0x1000855b        0x1 
 .rodata.__func__.5
                0x1000855c        0xf CMakeFiles/blink.dir/C_/VSARM/sdk/pico/pico-sdk/lib/tinyusb/src/device/usbd.c.obj
 *fill*         0x1000856b        0x1 
 .rodata.__func__.6
                0x1000856c       0x14 CMakeFiles/blink.dir/C_/VSARM/sdk/pico/pico-sdk/lib/tinyusb/src/device/usbd.c.obj
 .rodata.__func__.7
                0x10008580        0xc CMakeFiles/blink.dir/C_/VSARM/sdk/pico/pico-sdk/lib/tinyusb/src/device/usbd.c.obj
 .rodata.__func__.8
                0x1000858c       0x17 CMakeFiles/blink.dir/C_/VSARM/sdk/pico/pico-sdk/lib/tinyusb/src/device/usbd.c.obj
 *fill*         0x100085a3        0x1 
 .rodata.__func__.9
                0x100085a4       0x13 CMakeFiles/blink.dir/C_/VSARM/sdk/pico/pico-sdk/lib/tinyusb/src/device/usbd.c.obj
 *fill*         0x100085b7        0x1 
 .rodata._usbd_driver
                0x100085b8       0x40 CMakeFiles/blink.dir/C_/VSARM/sdk/pico/pico-sdk/lib/tinyusb/src/device/usbd.c.obj
 .rodata.tud_control_xfer.str1.4
                0x100085f8       0x17 CMakeFiles/blink.dir/C_/VSARM/sdk/pico/pico-sdk/lib/tinyusb/src/device/usbd_control.c.obj
 .rodata.__func__.0
                0x100085f8       0x15 CMakeFiles/blink.dir/C_/VSARM/sdk/pico/pico-sdk/lib/tinyusb/src/device/usbd_control.c.obj
 *fill*         0x1000860d        0x3 
 .rodata.__func__.1
                0x10008610       0x11 CMakeFiles/blink.dir/C_/VSARM/sdk/pico/pico-sdk/lib/tinyusb/src/device/usbd_control.c.obj
 .rodata.tud_cdc_n_write_flush.str1.4
                0x10008621       0x17 CMakeFiles/blink.dir/C_/VSARM/sdk/pico/pico-sdk/lib/tinyusb/src/class/cdc/cdc_device.c.obj
 *fill*         0x10008621        0x3 
 .rodata.__func__.0
                0x10008624        0xd CMakeFiles/blink.dir/C_/VSARM/sdk/pico/pico-sdk/lib/tinyusb/src/class/cdc/cdc_device.c.obj
 *fill*         0x10008631        0x3 
 .rodata.__func__.1
                0x10008634        0xa CMakeFiles/blink.dir/C_/VSARM/sdk/pico/pico-sdk/lib/tinyusb/src/class/cdc/cdc_device.c.obj
 *fill*         0x1000863e        0x2 
 .rodata.__func__.3
                0x10008640       0x16 CMakeFiles/blink.dir/C_/VSARM/sdk/pico/pico-sdk/lib/tinyusb/src/class/cdc/cdc_device.c.obj
 .rodata.tud_vendor_n_write_flush.str1.4
                0x10008656       0x17 CMakeFiles/blink.dir/C_/VSARM/sdk/pico/pico-sdk/lib/tinyusb/src/class/vendor/vendor_device.c.obj
 *fill*         0x10008656        0x2 
 .rodata.__func__.0
                0x10008658        0xd CMakeFiles/blink.dir/C_/VSARM/sdk/pico/pico-sdk/lib/tinyusb/src/class/vendor/vendor_device.c.obj
 *fill*         0x10008665        0x3 
 .rodata.__func__.2
                0x10008668       0x19 CMakeFiles/blink.dir/C_/VSARM/sdk/pico/pico-sdk/lib/tinyusb/src/class/vendor/vendor_device.c.obj
 .rodata.tusb_init.str1.4
                0x10008681       0x17 CMakeFiles/blink.dir/C_/VSARM/sdk/pico/pico-sdk/lib/tinyusb/src/tusb.c.obj
 *fill*         0x10008681        0x3 
 .rodata.__func__.3
                0x10008684       0x11 CMakeFiles/blink.dir/C_/VSARM/sdk/pico/pico-sdk/lib/tinyusb/src/tusb.c.obj
 *fill*         0x10008695        0x3 
 .rodata.__func__.4
                0x10008698        0xa CMakeFiles/blink.dir/C_/VSARM/sdk/pico/pico-sdk/lib/tinyusb/src/tusb.c.obj
 *fill*         0x100086a2        0x2 
 .rodata.i2c_set_baudrate.str1.4
                0x100086a4       0x5d CMakeFiles/blink.dir/C_/VSARM/sdk/pico/pico-sdk/src/rp2_common/hardware_i2c/i2c.c.obj
 *fill*         0x10008701        0x3 
 .rodata.__func__.0
                0x10008704       0x11 CMakeFiles/blink.dir/C_/VSARM/sdk/pico/pico-sdk/src/rp2_common/hardware_i2c/i2c.c.obj
                0x10008718                . = ALIGN (0x4)
 *fill*         0x10008715        0x3 
 *(SORT_BY_ALIGNMENT(SORT_BY_NAME(.flashdata*)))
                0x10008718                . = ALIGN (0x4)

.ARM.extab
 *(.ARM.extab* .gnu.linkonce.armextab.*)
                0x10008718                __exidx_start = .

.ARM.exidx
 *(.ARM.exidx* .gnu.linkonce.armexidx.*)
                0x10008718                __exidx_end = .
                0x10008718                . = ALIGN (0x4)
                0x10008718                __binary_info_start = .

.binary_info    0x10008718       0x1c
 *(.binary_info.keep.*)
 .binary_info.keep.__bi_ptr26
                0x10008718        0x4 CMakeFiles/blink.dir/C_/VSARM/sdk/pico/pico-sdk/src/rp2_common/pico_standard_binary_info/standard_binary_info.c.obj
 .binary_info.keep.__bi_ptr34
                0x1000871c        0x4 CMakeFiles/blink.dir/C_/VSARM/sdk/pico/pico-sdk/src/rp2_common/pico_standard_binary_info/standard_binary_info.c.obj
 .binary_info.keep.__bi_ptr42
                0x10008720        0x4 CMakeFiles/blink.dir/C_/VSARM/sdk/pico/pico-sdk/src/rp2_common/pico_standard_binary_info/standard_binary_info.c.obj
 .binary_info.keep.__bi_ptr48
                0x10008724        0x4 CMakeFiles/blink.dir/C_/VSARM/sdk/pico/pico-sdk/src/rp2_common/pico_standard_binary_info/standard_binary_info.c.obj
 .binary_info.keep.__bi_ptr54
                0x10008728        0x4 CMakeFiles/blink.dir/C_/VSARM/sdk/pico/pico-sdk/src/rp2_common/pico_standard_binary_info/standard_binary_info.c.obj
 .binary_info.keep.__bi_ptr84
                0x1000872c        0x4 CMakeFiles/blink.dir/C_/VSARM/sdk/pico/pico-sdk/src/rp2_common/pico_standard_binary_info/standard_binary_info.c.obj
 *(.binary_info.*)
 .binary_info.__bi_ptr197
                0x10008730        0x4 CMakeFiles/blink.dir/C_/VSARM/sdk/pico/pico-sdk/src/rp2_common/pico_stdio_usb/stdio_usb.c.obj
                0x10008734                __binary_info_end = .

.rel.dyn        0x10008734        0x0
 .rel.iplt      0x10008734        0x0 c:/vsarm/armcc/102021~1.10/bin/../lib/gcc/arm-none-eabi/10.3.1/thumb/v6-m/nofp/crtbegin.o
                0x10008734                . = ALIGN (0x4)

.ram_vector_table
                0x20000000       0xc0
 *(.ram_vector_table)
 .ram_vector_table
                0x20000000       0xc0 CMakeFiles/blink.dir/C_/VSARM/sdk/pico/pico-sdk/src/rp2_common/pico_runtime_init/runtime_init.c.obj
                0x20000000                ram_vector_table

.uninitialized_data
                0x200000c0        0x0
                0x200000c0                . = ALIGN (0x4)
 *(.uninitialized_data*)

.data           0x200000c0      0xc08 load address 0x10008734
                0x200000c0                __data_start__ = .
 *(vtable)
 *(.time_critical*)
 .time_critical.mutex_try_enter
                0x200000c0       0x46 CMakeFiles/blink.dir/C_/VSARM/sdk/pico/pico-sdk/src/common/pico_sync/mutex.c.obj
                0x200000c0                mutex_try_enter
 *fill*         0x20000106        0x2 
 .time_critical.mutex_enter_block_until
                0x20000108       0x8c CMakeFiles/blink.dir/C_/VSARM/sdk/pico/pico-sdk/src/common/pico_sync/mutex.c.obj
                0x20000108                mutex_enter_block_until
 .time_critical.mutex_try_enter_block_until
                0x20000194       0x34 CMakeFiles/blink.dir/C_/VSARM/sdk/pico/pico-sdk/src/common/pico_sync/mutex.c.obj
                0x20000194                mutex_try_enter_block_until
 .time_critical.mutex_enter_timeout_ms
                0x200001c8       0x3c CMakeFiles/blink.dir/C_/VSARM/sdk/pico/pico-sdk/src/common/pico_sync/mutex.c.obj
                0x200001c8                mutex_enter_timeout_ms
 .time_critical.mutex_exit
                0x20000204       0x4c CMakeFiles/blink.dir/C_/VSARM/sdk/pico/pico-sdk/src/common/pico_sync/mutex.c.obj
                0x20000204                mutex_exit
 .time_critical.flash_init_boot2_copyout
                0x20000250       0x30 CMakeFiles/blink.dir/C_/VSARM/sdk/pico/pico-sdk/src/rp2_common/hardware_flash/flash.c.obj
 .time_critical.flash_enable_xip_via_boot2
                0x20000280       0x10 CMakeFiles/blink.dir/C_/VSARM/sdk/pico/pico-sdk/src/rp2_common/hardware_flash/flash.c.obj
 .time_critical.flash_cs_force
                0x20000290       0x28 CMakeFiles/blink.dir/C_/VSARM/sdk/pico/pico-sdk/src/rp2_common/hardware_flash/flash.c.obj
 .time_critical.flash_do_cmd
                0x200002b8       0xd8 CMakeFiles/blink.dir/C_/VSARM/sdk/pico/pico-sdk/src/rp2_common/hardware_flash/flash.c.obj
                0x200002b8                flash_do_cmd
 .time_critical.reset_non_control_endpoints
                0x20000390       0x40 CMakeFiles/blink.dir/C_/VSARM/sdk/pico/pico-sdk/lib/tinyusb/src/portable/raspberrypi/rp2040/dcd_rp2040.c.obj
 .time_critical.hw_handle_buff_status
                0x200003d0       0xa4 CMakeFiles/blink.dir/C_/VSARM/sdk/pico/pico-sdk/lib/tinyusb/src/portable/raspberrypi/rp2040/dcd_rp2040.c.obj
 .time_critical.dcd_rp2040_irq
                0x20000474      0x22c CMakeFiles/blink.dir/C_/VSARM/sdk/pico/pico-sdk/lib/tinyusb/src/portable/raspberrypi/rp2040/dcd_rp2040.c.obj
 .time_critical.prepare_ep_buffer
                0x200006a0       0x70 CMakeFiles/blink.dir/C_/VSARM/sdk/pico/pico-sdk/lib/tinyusb/src/portable/raspberrypi/rp2040/rp2040_usb.c.obj
 .time_critical.e15_is_bulkin_ep
                0x20000710       0x2c CMakeFiles/blink.dir/C_/VSARM/sdk/pico/pico-sdk/lib/tinyusb/src/portable/raspberrypi/rp2040/rp2040_usb.c.obj
 .time_critical.e15_is_critical_frame_period
                0x2000073c       0x30 CMakeFiles/blink.dir/C_/VSARM/sdk/pico/pico-sdk/lib/tinyusb/src/portable/raspberrypi/rp2040/rp2040_usb.c.obj
 .time_critical.sync_ep_buffer
                0x2000076c       0x7c CMakeFiles/blink.dir/C_/VSARM/sdk/pico/pico-sdk/lib/tinyusb/src/portable/raspberrypi/rp2040/rp2040_usb.c.obj
 .time_critical._hw_endpoint_xfer_sync